ARM Linker, 5.03 [Build 76] [MDK-ARM Lite]

==============================================================================

Section Cross References

    main.o(.text) refers to usart.o(.text) for usart2_init
    main.o(.text) refers to delay.o(.text) for delay_init
    main.o(.text) refers to iic.o(.text) for IIC_Init
    main.o(.text) refers to mpu6050.o(.text) for MPU6050_initialize
    main.o(.text) refers to tim_init.o(.text) for TIM1_Int_Init
    main.o(.text) refers to motor.o(.text) for ResetMotorFunction
    main.o(.text) refers to printfa.o(i.__0printf) for __2printf
    main.o(.text) refers to dflti.o(.text) for __aeabi_i2d
    main.o(.text) refers to ddiv.o(.text) for __aeabi_ddiv
    main.o(.text) refers to usart.o(.data) for DstBuffer
    stm32f30x_it.o(.text) refers to delay.o(.text) for TimingDelay_Decrement
    stm32f30x_it.o(.text) refers to stm32f30x_dma.o(.text) for DMA_GetITStatus
    stm32f30x_it.o(.text) refers to stm32f30x_tim.o(.text) for TIM_GetITStatus
    stm32f30x_it.o(.text) refers to motor.o(.text) for MotorXDriveInTimer
    stm32f30x_it.o(.text) refers to usart.o(.data) for EndOfTransfer
    stm32f30x_it.o(.text) refers to tim_init.o(.data) for capture
    system_stm32f30x.o(.text) refers to system_stm32f30x.o(.data) for SystemCoreClock
    startup_stm32f30x.o(RESET) refers to startup_stm32f30x.o(STACK) for __initial_sp
    startup_stm32f30x.o(RESET) refers to startup_stm32f30x.o(.text) for Reset_Handler
    startup_stm32f30x.o(RESET) refers to stm32f30x_it.o(.text) for NMI_Handler
    startup_stm32f30x.o(.text) refers to system_stm32f30x.o(.text) for SystemInit
    startup_stm32f30x.o(.text) refers to entry.o(.ARM.Collect$$$$00000000) for __main
    usart.o(.text) refers to stm32f30x_rcc.o(.text) for RCC_APB1PeriphClockCmd
    usart.o(.text) refers to stm32f30x_gpio.o(.text) for GPIO_Init
    usart.o(.text) refers to stm32f30x_usart.o(.text) for USART_Init
    usart.o(.text) refers to stm32f30x_dma.o(.text) for DMA_DeInit
    usart.o(.text) refers to stm32f30x_misc.o(.text) for NVIC_Init
    usart.o(.text) refers to usart.o(.data) for DstBuffer
    delay.o(.text) refers to system_stm32f30x.o(.data) for SystemCoreClock
    delay.o(.text) refers to delay.o(.data) for TimingDelay
    iic.o(.text) refers to stm32f30x_rcc.o(.text) for RCC_AHBPeriphClockCmd
    iic.o(.text) refers to stm32f30x_gpio.o(.text) for GPIO_Init
    iic.o(.text) refers to printfa.o(i.__0printf) for __2printf
    iic.o(.text) refers to delay.o(.text) for delay_us
    tim_init.o(.text) refers to stm32f30x_rcc.o(.text) for RCC_APB1PeriphClockCmd
    tim_init.o(.text) refers to stm32f30x_gpio.o(.text) for GPIO_PinAFConfig
    tim_init.o(.text) refers to stm32f30x_tim.o(.text) for TIM_TimeBaseStructInit
    tim_init.o(.text) refers to stm32f30x_misc.o(.text) for NVIC_Init
    tim_init.o(.text) refers to tim_init.o(.data) for T3CCR1_Val
    stm32f30x_adc.o(.text) refers to stm32f30x_rcc.o(.text) for RCC_AHBPeriphResetCmd
    stm32f30x_can.o(.text) refers to stm32f30x_rcc.o(.text) for RCC_APB1PeriphResetCmd
    stm32f30x_dac.o(.text) refers to stm32f30x_rcc.o(.text) for RCC_APB1PeriphResetCmd
    stm32f30x_gpio.o(.text) refers to stm32f30x_rcc.o(.text) for RCC_AHBPeriphResetCmd
    stm32f30x_i2c.o(.text) refers to stm32f30x_rcc.o(.text) for RCC_APB1PeriphResetCmd
    stm32f30x_pwr.o(.text) refers to stm32f30x_rcc.o(.text) for RCC_APB1PeriphResetCmd
    stm32f30x_rcc.o(.text) refers to stm32f30x_rcc.o(.data) for APBAHBPrescTable
    stm32f30x_spi.o(.text) refers to stm32f30x_rcc.o(.text) for RCC_APB2PeriphResetCmd
    stm32f30x_tim.o(.text) refers to stm32f30x_rcc.o(.text) for RCC_APB2PeriphResetCmd
    stm32f30x_usart.o(.text) refers to stm32f30x_rcc.o(.text) for RCC_APB2PeriphResetCmd
    stm32f30x_wwdg.o(.text) refers to stm32f30x_rcc.o(.text) for RCC_APB1PeriphResetCmd
    mpu6050.o(.text) refers to stm32f30x_gpio.o(.text) for GPIO_ReadInputDataBit
    mpu6050.o(.text) refers to iic.o(.text) for IICwriteBits
    mpu6050.o(.text) refers to printfa.o(i.__0printf) for __2printf
    mpu6050.o(.text) refers to delay.o(.text) for delay_ms
    mpu6050.o(.text) refers to mpu6050.o(.bss) for buffer
    motor.o(.text) refers to motor.o(.data) for i
    motor.o(.text) refers to motor.o(.constdata) for SinDataA
    motor.o(.text) refers to tim_init.o(.data) for TIM1CCR3_Val
    entry.o(.ARM.Collect$$$$00000000) refers (Special) to entry10a.o(.ARM.Collect$$$$0000000D) for __rt_final_cpp
    entry.o(.ARM.Collect$$$$00000000) refers (Special) to entry11a.o(.ARM.Collect$$$$0000000F) for __rt_final_exit
    entry.o(.ARM.Collect$$$$00000000) refers (Special) to entry7b.o(.ARM.Collect$$$$00000008) for _main_clock
    entry.o(.ARM.Collect$$$$00000000) refers (Special) to entry8b.o(.ARM.Collect$$$$0000000A) for _main_cpp_init
    entry.o(.ARM.Collect$$$$00000000) refers (Special) to entry9a.o(.ARM.Collect$$$$0000000B) for _main_init
[...]
    printf7.o(i.__0sprintf$7) refers to printf7.o(i._printf_core) for _printf_core
    printf7.o(i.__0sprintf$7) refers to printf7.o(i._sputc) for _sputc
    printf7.o(i.__0vfprintf$7) refers to printf7.o(i._printf_core) for _printf_core
    printf7.o(i.__0vfprintf$7) refers to usart.o(.text) for fputc
    printf7.o(i.__0vprintf$7) refers to printf7.o(i._printf_core) for _printf_core
    printf7.o(i.__0vprintf$7) refers to usart.o(.text) for fputc
    printf7.o(i.__0vprintf$7) refers to stdout.o(.data) for __stdout
    printf7.o(i.__0vsnprintf$7) refers to printf7.o(i._printf_core) for _printf_core
    printf7.o(i.__0vsnprintf$7) refers to printf7.o(i._snputc) for _snputc
    printf7.o(i.__0vsprintf$7) refers to printf7.o(i._printf_core) for _printf_core
    printf7.o(i.__0vsprintf$7) refers to printf7.o(i._sputc) for _sputc
    printf7.o(i._printf_core) refers to printf7.o(i._printf_pre_padding) for _printf_pre_padding
    printf7.o(i._printf_core) refers to uldiv.o(.text) for __aeabi_uldivmod
    printf7.o(i._printf_core) refers to printf7.o(i._printf_post_padding) for _printf_post_padding
    printf8.o(i.__0fprintf$8) refers to printf8.o(i._printf_core) for _printf_core
    printf8.o(i.__0fprintf$8) refers to usart.o(.text) for fputc
    printf8.o(i.__0printf$8) refers to printf8.o(i._printf_core) for _printf_core
    printf8.o(i.__0printf$8) refers to usart.o(.text) for fputc
    printf8.o(i.__0printf$8) refers to stdout.o(.data) for __stdout
    printf8.o(i.__0snprintf$8) refers to printf8.o(i._printf_core) for _printf_core
    printf8.o(i.__0snprintf$8) refers to printf8.o(i._snputc) for _snputc
    printf8.o(i.__0sprintf$8) refers to printf8.o(i._printf_core) for _printf_core
    printf8.o(i.__0sprintf$8) refers to printf8.o(i._sputc) for _sputc
    printf8.o(i.__0vfprintf$8) refers to printf8.o(i._printf_core) for _printf_core
    printf8.o(i.__0vfprintf$8) refers to usart.o(.text) for fputc
    printf8.o(i.__0vprintf$8) refers to printf8.o(i._printf_core) for _printf_core
    printf8.o(i.__0vprintf$8) refers to usart.o(.text) for fputc
    printf8.o(i.__0vprintf$8) refers to stdout.o(.data) for __stdout
    printf8.o(i.__0vsnprintf$8) refers to printf8.o(i._printf_core) for _printf_core
    printf8.o(i.__0vsnprintf$8) refers to printf8.o(i._snputc) for _snputc
    printf8.o(i.__0vsprintf$8) refers to printf8.o(i._printf_core) for _printf_core
    printf8.o(i.__0vsprintf$8) refers to printf8.o(i._sputc) for _sputc
    printf8.o(i._printf_core) refers to printf8.o(i._printf_pre_padding) for _printf_pre_padding
    printf8.o(i._printf_core) refers to uldiv.o(.text) for __aeabi_uldivmod
    printf8.o(i._printf_core) refers to printf8.o(i._printf_post_padding) for _printf_post_padding
    printfa.o(i.__0fprintf) refers (Special) to iusefp.o(.text) for __I$use$fp
    printfa.o(i.__0fprintf) refers to printfa.o(i._printf_core) for _printf_core
    printfa.o(i.__0fprintf) refers to usart.o(.text) for fputc
    printfa.o(i.__0printf) refers (Special) to iusefp.o(.text) for __I$use$fp
    printfa.o(i.__0printf) refers to printfa.o(i._printf_core) for _printf_core
    printfa.o(i.__0printf) refers to usart.o(.text) for fputc
    printfa.o(i.__0printf) refers to stdout.o(.data) for __stdout
    printfa.o(i.__0snprintf) refers (Special) to iusefp.o(.text) for __I$use$fp
    printfa.o(i.__0snprintf) refers to printfa.o(i._printf_core) for _printf_core
    printfa.o(i.__0snprintf) refers to printfa.o(i._snputc) for _snputc
    printfa.o(i.__0sprintf) refers (Special) to iusefp.o(.text) for __I$use$fp
    printfa.o(i.__0sprintf) refers to printfa.o(i._printf_core) for _printf_core
    printfa.o(i.__0sprintf) refers to printfa.o(i._sputc) for _sputc
    printfa.o(i.__0vfprintf) refers (Special) to iusefp.o(.text) for __I$use$fp
    printfa.o(i.__0vfprintf) refers to printfa.o(i._printf_core) for _printf_core
    printfa.o(i.__0vfprintf) refers to usart.o(.text) for fputc
    printfa.o(i.__0vprintf) refers (Special) to iusefp.o(.text) for __I$use$fp
    printfa.o(i.__0vprintf) refers to printfa.o(i._printf_core) for _printf_core
    printfa.o(i.__0vprintf) refers to usart.o(.text) for fputc
    printfa.o(i.__0vprintf) refers to stdout.o(.data) for __stdout
    printfa.o(i.__0vsnprintf) refers (Special) to iusefp.o(.text) for __I$use$fp
    printfa.o(i.__0vsnprintf) refers to printfa.o(i._printf_core) for _printf_core
    printfa.o(i.__0vsnprintf) refers to printfa.o(i._snputc) for _snputc
    printfa.o(i.__0vsprintf) refers (Special) to iusefp.o(.text) for __I$use$fp
    printfa.o(i.__0vsprintf) refers to printfa.o(i._printf_core) for _printf_core
    printfa.o(i.__0vsprintf) refers to printfa.o(i._sputc) for _sputc
    printfa.o(i._fp_digits) refers (Special) to iusefp.o(.text) for __I$use$fp
    printfa.o(i._fp_digits) refers to dmul.o(.text) for __aeabi_dmul
    printfa.o(i._fp_digits) refers to ddiv.o(.text) for __aeabi_ddiv
    printfa.o(i._fp_digits) refers to cdrcmple.o(.text) for __aeabi_cdrcmple
    printfa.o(i._fp_digits) refers to dadd.o(.text) for __aeabi_dadd
    printfa.o(i._fp_digits) refers to dfixul.o(.text) for __aeabi_d2ulz
    printfa.o(i._fp_digits) refers to uldiv.o(.text) for __aeabi_uldivmod
    printfa.o(i._printf_core) refers (Special) to iusefp.o(.text) for __I$use$fp
    printfa.o(i._printf_core) refers to printfa.o(i._printf_pre_padding) for _printf_pre_padding
    printfa.o(i._printf_core) refers to uldiv.o(.text) for __aeabi_uldivmod
    printfa.o(i._printf_core) refers to printfa.o(i._printf_post_padding) for _printf_post_padding
    printfa.o(i._printf_core) refers to printfa.o(i._fp_digits) for _fp_digits
    printfa.o(i._printf_core) refers to uidiv.o(.text) for __aeabi_uidivmod
    printfa.o(i._printf_post_padding) refers (Special) to iusefp.o(.text) for __I$use$fp
    printfa.o(i._printf_pre_padding) refers (Special) to iusefp.o(.text) for __I$use$fp
    printfa.o(i._snputc) refers (Special) to iusefp.o(.text) for __I$use$fp
    printfa.o(i._sputc) refers (Special) to iusefp.o(.text) for __I$use$fp
    ddiv.o(.text) refers (Special) to iusefp.o(.text) for __I$use$fp
    ddiv.o(.text) refers to depilogue.o(.text) for _double_round
    dflti.o(.text) refers (Special) to iusefp.o(.text) for __I$use$fp
    dflti.o(.text) refers to depilogue.o(.text) for _double_epilogue
    entry2.o(.ARM.Collect$$$$00000001) refers to entry2.o(.ARM.Collect$$$$00002712) for __lit__00000000
    entry2.o(.ARM.Collect$$$$00002712) refers to startup_stm32f30x.o(STACK) for __initial_sp
    entry2.o(__vectab_stack_and_reset_area) refers to startup_stm32f30x.o(STACK) for __initial_sp
    entry2.o(__vectab_stack_and_reset_area) refers to entry.o(.ARM.Collect$$$$00000000) for __main
    entry5.o(.ARM.Collect$$$$00000004) refers to init.o(.text) for __scatterload
    entry9a.o(.ARM.Collect$$$$0000000B) refers to main.o(.text) for main
    entry9b.o(.ARM.Collect$$$$0000000C) refers to main.o(.text) for main
    uldiv.o(.text) refers to llushr.o(.text) for __aeabi_llsr
    uldiv.o(.text) refers to llshl.o(.text) for __aeabi_llsl
    depilogue.o(.text) refers to llshl.o(.text) for __aeabi_llsl
    depilogue.o(.text) refers to llushr.o(.text) for __aeabi_llsr
    dadd.o(.text) refers to llshl.o(.text) for __aeabi_llsl
    dadd.o(.text) refers to llsshr.o(.text) for __aeabi_lasr
    dadd.o(.text) refers to depilogue.o(.text) for _double_epilogue
    dmul.o(.text) refers to depilogue.o(.text) for _double_epilogue
    dfixul.o(.text) refers to llushr.o(.text) for __aeabi_llsr
    dfixul.o(.text) refers to llshl.o(.text) for __aeabi_llsl
    init.o(.text) refers to entry5.o(.ARM.Collect$$$$00000004) for __main_after_scatterload


==============================================================================

Removing Unused input sections from the image.

    Removing main.o(.rev16_text), (4 bytes).
    Removing main.o(.revsh_text), (4 bytes).
    Removing main.o(.data), (4 bytes).
    Removing stm32f30x_it.o(.rev16_text), (4 bytes).
    Removing stm32f30x_it.o(.revsh_text), (4 bytes).
    Removing stm32f30x_it.o(.data), (4 bytes).
    Removing system_stm32f30x.o(.rev16_text), (4 bytes).
    Removing system_stm32f30x.o(.revsh_text), (4 bytes).
    Removing startup_stm32f30x.o(HEAP), (512 bytes).
    Removing usart.o(.rev16_text), (4 bytes).
    Removing usart.o(.revsh_text), (4 bytes).
    Removing delay.o(.rev16_text), (4 bytes).
    Removing delay.o(.revsh_text), (4 bytes).
    Removing iic.o(.rev16_text), (4 bytes).
    Removing iic.o(.revsh_text), (4 bytes).
    Removing iic.o(.data), (4 bytes).
    Removing tim_init.o(.rev16_text), (4 bytes).
    Removing tim_init.o(.revsh_text), (4 bytes).
    Removing stm32f30x_adc.o(.rev16_text), (4 bytes).
    Removing stm32f30x_adc.o(.revsh_text), (4 bytes).
    Removing stm32f30x_adc.o(.text), (2124 bytes).
    Removing stm32f30x_can.o(.rev16_text), (4 bytes).
    Removing stm32f30x_can.o(.revsh_text), (4 bytes).
    Removing stm32f30x_can.o(.text), (2524 bytes).
    Removing stm32f30x_comp.o(.rev16_text), (4 bytes).
    Removing stm32f30x_comp.o(.revsh_text), (4 bytes).
    Removing stm32f30x_comp.o(.text), (244 bytes).
    Removing stm32f30x_crc.o(.rev16_text), (4 bytes).
    Removing stm32f30x_crc.o(.revsh_text), (4 bytes).
    Removing stm32f30x_crc.o(.text), (208 bytes).
    Removing stm32f30x_dac.o(.rev16_text), (4 bytes).
    Removing stm32f30x_dac.o(.revsh_text), (4 bytes).
    Removing stm32f30x_dac.o(.text), (528 bytes).
    Removing stm32f30x_dbgmcu.o(.rev16_text), (4 bytes).
    Removing stm32f30x_dbgmcu.o(.revsh_text), (4 bytes).
    Removing stm32f30x_dbgmcu.o(.text), (100 bytes).
    Removing stm32f30x_dma.o(.rev16_text), (4 bytes).
    Removing stm32f30x_dma.o(.revsh_text), (4 bytes).
    Removing stm32f30x_exti.o(.rev16_text), (4 bytes).
    Removing stm32f30x_exti.o(.revsh_text), (4 bytes).
    Removing stm32f30x_exti.o(.text), (612 bytes).
    Removing stm32f30x_flash.o(.rev16_text), (4 bytes).
    Removing stm32f30x_flash.o(.revsh_text), (4 bytes).
    Removing stm32f30x_flash.o(.text), (1520 bytes).
    Removing stm32f30x_gpio.o(.rev16_text), (4 bytes).
    Removing stm32f30x_gpio.o(.revsh_text), (4 bytes).
    Removing stm32f30x_i2c.o(.rev16_text), (4 bytes).
    Removing stm32f30x_i2c.o(.revsh_text), (4 bytes).
    Removing stm32f30x_i2c.o(.text), (1008 bytes).
    Removing stm32f30x_iwdg.o(.rev16_text), (4 bytes).
    Removing stm32f30x_iwdg.o(.revsh_text), (4 bytes).
    Removing stm32f30x_iwdg.o(.text), (68 bytes).
    Removing stm32f30x_misc.o(.rev16_text), (4 bytes).
    Removing stm32f30x_misc.o(.revsh_text), (4 bytes).
    Removing stm32f30x_opamp.o(.rev16_text), (4 bytes).
    Removing stm32f30x_opamp.o(.revsh_text), (4 bytes).
    Removing stm32f30x_opamp.o(.text), (448 bytes).
    Removing stm32f30x_pwr.o(.rev16_text), (4 bytes).
    Removing stm32f30x_pwr.o(.revsh_text), (4 bytes).
    Removing stm32f30x_pwr.o(.text), (244 bytes).
    Removing stm32f30x_rcc.o(.rev16_text), (4 bytes).
    Removing stm32f30x_rcc.o(.revsh_text), (4 bytes).
    Removing stm32f30x_rtc.o(.rev16_text), (4 bytes).
    Removing stm32f30x_rtc.o(.revsh_text), (4 bytes).
    Removing stm32f30x_rtc.o(.text), (3280 bytes).
    Removing stm32f30x_spi.o(.rev16_text), (4 bytes).
    Removing stm32f30x_spi.o(.revsh_text), (4 bytes).
    Removing stm32f30x_spi.o(.text), (1050 bytes).
    Removing stm32f30x_syscfg.o(.rev16_text), (4 bytes).
    Removing stm32f30x_syscfg.o(.revsh_text), (4 bytes).
    Removing stm32f30x_syscfg.o(.text), (340 bytes).
    Removing stm32f30x_tim.o(.rev16_text), (4 bytes).
    Removing stm32f30x_tim.o(.revsh_text), (4 bytes).
    Removing stm32f30x_usart.o(.rev16_text), (4 bytes).
    Removing stm32f30x_usart.o(.revsh_text), (4 bytes).
    Removing stm32f30x_wwdg.o(.rev16_text), (4 bytes).
    Removing stm32f30x_wwdg.o(.revsh_text), (4 bytes).
    Removing stm32f30x_wwdg.o(.text), (144 bytes).
    Removing mpu6050.o(.rev16_text), (4 bytes).
    Removing mpu6050.o(.revsh_text), (4 bytes).
    Removing mpu6050.o(.data), (12 bytes).
    Removing motor.o(.rev16_text), (4 bytes).
    Removing motor.o(.revsh_text), (4 bytes).

83 unused section(s) (total 15226 bytes) removed from the image.

==============================================================================

Image Symbol Table

    Local Symbols

    Symbol Name                              Value     Ov Type        Size  Object(Section)

    ../clib/microlib/division.c              0x00000000   Number         0  uldiv.o ABSOLUTE
    ../clib/microlib/division.c              0x00000000   Number         0  uidiv.o ABSOLUTE
    ../clib/microlib/init/entry.s            0x00000000   Number         0  entry9b.o ABSOLUTE
    ../clib/microlib/init/entry.s            0x00000000   Number         0  entry9a.o ABSOLUTE
    ../clib/microlib/init/entry.s            0x00000000   Number         0  entry11a.o ABSOLUTE
    ../clib/microlib/init/entry.s            0x00000000   Number         0  entry11b.o ABSOLUTE
    ../clib/microlib/init/entry.s            0x00000000   Number         0  entry.o ABSOLUTE
    ../clib/microlib/init/entry.s            0x00000000   Number         0  entry10b.o ABSOLUTE
    ../clib/microlib/init/entry.s            0x00000000   Number         0  entry7a.o ABSOLUTE
    ../clib/microlib/init/entry.s            0x00000000   Number         0  entry10a.o ABSOLUTE
    ../clib/microlib/init/entry.s            0x00000000   Number         0  entry2.o ABSOLUTE
    ../clib/microlib/init/entry.s            0x00000000   Number         0  entry5.o ABSOLUTE
    ../clib/microlib/init/entry.s            0x00000000   Number         0  entry7b.o ABSOLUTE
    ../clib/microlib/init/entry.s            0x00000000   Number         0  entry8a.o ABSOLUTE
    ../clib/microlib/init/entry.s            0x00000000   Number         0  entry8b.o ABSOLUTE
    ../clib/microlib/longlong.c              0x00000000   Number         0  llsshr.o ABSOLUTE
    ../clib/microlib/longlong.c              0x00000000   Number         0  llushr.o ABSOLUTE
    ../clib/microlib/longlong.c              0x00000000   Number         0  llshl.o ABSOLUTE
    ../clib/microlib/printf/printf.c         0x00000000   Number         0  printf2.o ABSOLUTE
    ../clib/microlib/printf/printf.c         0x00000000   Number         0  printf5.o ABSOLUTE
    ../clib/microlib/printf/printf.c         0x00000000   Number         0  printf4.o ABSOLUTE
    ../clib/microlib/printf/printf.c         0x00000000   Number         0  printf3.o ABSOLUTE
    ../clib/microlib/printf/printf.c         0x00000000   Number         0  printf1.o ABSOLUTE
    ../clib/microlib/printf/printf.c         0x00000000   Number         0  printf0.o ABSOLUTE
    ../clib/microlib/printf/printf.c         0x00000000   Number         0  printfb.o ABSOLUTE
    ../clib/microlib/printf/printf.c         0x00000000   Number         0  printfa.o ABSOLUTE
    ../clib/microlib/printf/printf.c         0x00000000   Number         0  printf7.o ABSOLUTE
    ../clib/microlib/printf/printf.c         0x00000000   Number         0  printf8.o ABSOLUTE
    ../clib/microlib/printf/printf.c         0x00000000   Number         0  printf6.o ABSOLUTE
    ../clib/microlib/printf/stubs.s          0x00000000   Number         0  stubs.o ABSOLUTE
    ../clib/microlib/stdio/streams.c         0x00000000   Number         0  stdout.o ABSOLUTE
    ../clib/microlib/stubs.s                 0x00000000   Number         0  iusefp.o ABSOLUTE
    ../fplib/microlib/fpadd.c                0x00000000   Number         0  dadd.o ABSOLUTE
    ../fplib/microlib/fpdiv.c                0x00000000   Number         0  ddiv.o ABSOLUTE
    ../fplib/microlib/fpepilogue.c           0x00000000   Number         0  depilogue.o ABSOLUTE
    ../fplib/microlib/fpfix.c                0x00000000   Number         0  dfixul.o ABSOLUTE
    ../fplib/microlib/fpflt.c                0x00000000   Number         0  dflti.o ABSOLUTE
    ../fplib/microlib/fpmul.c                0x00000000   Number         0  dmul.o ABSOLUTE
    cdrcmple.s                               0x00000000   Number         0  cdrcmple.o ABSOLUTE
    dc.s                                     0x00000000   Number         0  dc.o ABSOLUTE
    handlers.s                               0x00000000   Number         0  handlers.o ABSOLUTE
    hardwares\\mpu6050.c                     0x00000000   Number         0  mpu6050.o ABSOLUTE
    hardwares\mpu6050.c                      0x00000000   Number         0  mpu6050.o ABSOLUTE
    init.s                                   0x00000000   Number         0  init.o ABSOLUTE
    lib\\src\\stm32f30x_adc.c                0x00000000   Number         0  stm32f30x_adc.o ABSOLUTE
    lib\\src\\stm32f30x_can.c                0x00000000   Number         0  stm32f30x_can.o ABSOLUTE
    lib\\src\\stm32f30x_comp.c               0x00000000   Number         0  stm32f30x_comp.o ABSOLUTE
    lib\\src\\stm32f30x_crc.c                0x00000000   Number         0  stm32f30x_crc.o ABSOLUTE
    lib\\src\\stm32f30x_dac.c                0x00000000   Number         0  stm32f30x_dac.o ABSOLUTE
    lib\\src\\stm32f30x_dbgmcu.c             0x00000000   Number         0  stm32f30x_dbgmcu.o ABSOLUTE
    lib\\src\\stm32f30x_dma.c                0x00000000   Number         0  stm32f30x_dma.o ABSOLUTE
    lib\\src\\stm32f30x_exti.c               0x00000000   Number         0  stm32f30x_exti.o ABSOLUTE
    lib\\src\\stm32f30x_flash.c              0x00000000   Number         0  stm32f30x_flash.o ABSOLUTE
    lib\\src\\stm32f30x_gpio.c               0x00000000   Number         0  stm32f30x_gpio.o ABSOLUTE
    lib\\src\\stm32f30x_i2c.c                0x00000000   Number         0  stm32f30x_i2c.o ABSOLUTE
    lib\\src\\stm32f30x_iwdg.c               0x00000000   Number         0  stm32f30x_iwdg.o ABSOLUTE
    lib\\src\\stm32f30x_misc.c               0x00000000   Number         0  stm32f30x_misc.o ABSOLUTE
    lib\\src\\stm32f30x_opamp.c              0x00000000   Number         0  stm32f30x_opamp.o ABSOLUTE
    lib\\src\\stm32f30x_pwr.c                0x00000000   Number         0  stm32f30x_pwr.o ABSOLUTE
    lib\\src\\stm32f30x_rcc.c                0x00000000   Number         0  stm32f30x_rcc.o ABSOLUTE
    lib\\src\\stm32f30x_rtc.c                0x00000000   Number         0  stm32f30x_rtc.o ABSOLUTE
    lib\\src\\stm32f30x_spi.c                0x00000000   Number         0  stm32f30x_spi.o ABSOLUTE
    lib\\src\\stm32f30x_syscfg.c             0x00000000   Number         0  stm32f30x_syscfg.o ABSOLUTE
    lib\\src\\stm32f30x_tim.c                0x00000000   Number         0  stm32f30x_tim.o ABSOLUTE
    lib\\src\\stm32f30x_usart.c              0x00000000   Number         0  stm32f30x_usart.o ABSOLUTE
    lib\\src\\stm32f30x_wwdg.c               0x00000000   Number         0  stm32f30x_wwdg.o ABSOLUTE
    lib\src\stm32f30x_adc.c                  0x00000000   Number         0  stm32f30x_adc.o ABSOLUTE
    lib\src\stm32f30x_can.c                  0x00000000   Number         0  stm32f30x_can.o ABSOLUTE
    lib\src\stm32f30x_comp.c                 0x00000000   Number         0  stm32f30x_comp.o ABSOLUTE
    lib\src\stm32f30x_crc.c                  0x00000000   Number         0  stm32f30x_crc.o ABSOLUTE
    lib\src\stm32f30x_dac.c                  0x00000000   Number         0  stm32f30x_dac.o ABSOLUTE
    lib\src\stm32f30x_dbgmcu.c               0x00000000   Number         0  stm32f30x_dbgmcu.o ABSOLUTE
    lib\src\stm32f30x_dma.c                  0x00000000   Number         0  stm32f30x_dma.o ABSOLUTE
    lib\src\stm32f30x_exti.c                 0x00000000   Number         0  stm32f30x_exti.o ABSOLUTE
    lib\src\stm32f30x_flash.c                0x00000000   Number         0  stm32f30x_flash.o ABSOLUTE
    lib\src\stm32f30x_gpio.c                 0x00000000   Number         0  stm32f30x_gpio.o ABSOLUTE
    lib\src\stm32f30x_i2c.c                  0x00000000   Number         0  stm32f30x_i2c.o ABSOLUTE
    lib\src\stm32f30x_iwdg.c                 0x00000000   Number         0  stm32f30x_iwdg.o ABSOLUTE
    lib\src\stm32f30x_misc.c                 0x00000000   Number         0  stm32f30x_misc.o ABSOLUTE
    lib\src\stm32f30x_opamp.c                0x00000000   Number         0  stm32f30x_opamp.o ABSOLUTE
    lib\src\stm32f30x_pwr.c                  0x00000000   Number         0  stm32f30x_pwr.o ABSOLUTE
    lib\src\stm32f30x_rcc.c                  0x00000000   Number         0  stm32f30x_rcc.o ABSOLUTE
    lib\src\stm32f30x_rtc.c                  0x00000000   Number         0  stm32f30x_rtc.o ABSOLUTE
    lib\src\stm32f30x_spi.c                  0x00000000   Number         0  stm32f30x_spi.o ABSOLUTE
    lib\src\stm32f30x_syscfg.c               0x00000000   Number         0  stm32f30x_syscfg.o ABSOLUTE
    lib\src\stm32f30x_tim.c                  0x00000000   Number         0  stm32f30x_tim.o ABSOLUTE
    lib\src\stm32f30x_usart.c                0x00000000   Number         0  stm32f30x_usart.o ABSOLUTE
    lib\src\stm32f30x_wwdg.c                 0x00000000   Number         0  stm32f30x_wwdg.o ABSOLUTE
    parts\\motor.c                           0x00000000   Number         0  motor.o ABSOLUTE
    parts\motor.c                            0x00000000   Number         0  motor.o ABSOLUTE
    user\TIM_init.c                          0x00000000   Number         0  tim_init.o ABSOLUTE
    user\\TIM_init.c                         0x00000000   Number         0  tim_init.o ABSOLUTE
    user\\delay.c                            0x00000000   Number         0  delay.o ABSOLUTE
    user\\iic.c                              0x00000000   Number         0  iic.o ABSOLUTE
    user\\main.c                             0x00000000   Number         0  main.o ABSOLUTE
    user\\stm32f30x_it.c                     0x00000000   Number         0  stm32f30x_it.o ABSOLUTE
    user\\system_stm32f30x.c                 0x00000000   Number         0  system_stm32f30x.o ABSOLUTE
    user\\usart.c                            0x00000000   Number         0  usart.o ABSOLUTE
    user\delay.c                             0x00000000   Number         0  delay.o ABSOLUTE
    user\iic.c                               0x00000000   Number         0  iic.o ABSOLUTE
    user\main.c                              0x00000000   Number         0  main.o ABSOLUTE
    user\startup_stm32f30x.s                 0x00000000   Number         0  startup_stm32f30x.o ABSOLUTE
    user\stm32f30x_it.c                      0x00000000   Number         0  stm32f30x_it.o ABSOLUTE
    user\system_stm32f30x.c                  0x00000000   Number         0  system_stm32f30x.o ABSOLUTE
    user\usart.c                             0x00000000   Number         0  usart.o ABSOLUTE
    RESET                                    0x08000000   Section      392  startup_stm32f30x.o(RESET)
    .ARM.Collect$$$$00000000                 0x08000188   Section        0  entry.o(.ARM.Collect$$$$00000000)
    .ARM.Collect$$$$00000001                 0x08000188   Section        4  entry2.o(.ARM.Collect$$$$00000001)
    .ARM.Collect$$$$00000004                 0x0800018c   Section        4  entry5.o(.ARM.Collect$$$$00000004)
    .ARM.Collect$$$$00000008                 0x08000190   Section        0  entry7b.o(.ARM.Collect$$$$00000008)
    .ARM.Collect$$$$0000000A                 0x08000190   Section        0  entry8b.o(.ARM.Collect$$$$0000000A)
    .ARM.Collect$$$$0000000B                 0x08000190   Section        8  entry9a.o(.ARM.Collect$$$$0000000B)
    .ARM.Collect$$$$0000000D                 0x08000198   Section        0  entry10a.o(.ARM.Collect$$$$0000000D)
    .ARM.Collect$$$$0000000F                 0x08000198   Section        0  entry11a.o(.ARM.Collect$$$$0000000F)
    .ARM.Collect$$$$00002712                 0x08000198   Section        4  entry2.o(.ARM.Collect$$$$00002712)
    __lit__00000000                          0x08000198   Data           4  entry2.o(.ARM.Collect$$$$00002712)
    .text                                    0x0800019c   Section        0  main.o(.text)
    .text                                    0x080003fc   Section        0  stm32f30x_it.o(.text)
    .text                                    0x0800047c   Section        0  system_stm32f30x.o(.text)
    SetSysClock                              0x0800047d   Thumb Code   186  system_stm32f30x.o(.text)
    .text                                    0x08000658   Section       36  startup_stm32f30x.o(.text)
    $v0                                      0x08000658   Number         0  startup_stm32f30x.o(.text)
    .text                                    0x0800067c   Section        0  usart.o(.text)
    .text                                    0x080007d4   Section        0  delay.o(.text)
    .text                                    0x08000880   Section        0  iic.o(.text)
    .text                                    0x08000d9c   Section        0  tim_init.o(.text)
    .text                                    0x08000f6c   Section        0  stm32f30x_dma.o(.text)
    .text                                    0x080011bc   Section        0  stm32f30x_gpio.o(.text)
    .text                                    0x080013b0   Section        0  stm32f30x_misc.o(.text)
    .text                                    0x0800148c   Section        0  stm32f30x_rcc.o(.text)
    .text                                    0x08001c94   Section        0  stm32f30x_tim.o(.text)
    TI4_Config                               0x0800249f   Thumb Code   104  stm32f30x_tim.o(.text)
    TI3_Config                               0x08002519   Thumb Code    76  stm32f30x_tim.o(.text)
    TI2_Config                               0x08002577   Thumb Code    66  stm32f30x_tim.o(.text)
    TI1_Config                               0x080025c9   Thumb Code    48  stm32f30x_tim.o(.text)
    .text                                    0x08002a10   Section        0  stm32f30x_usart.o(.text)
    .text                                    0x08002f4c   Section        0  mpu6050.o(.text)
    .text                                    0x0800368c   Section        0  motor.o(.text)
    CheckValChange1                          0x0800368d   Thumb Code    78  motor.o(.text)
    Motor1WaitProgram                        0x080036db   Thumb Code   236  motor.o(.text)
    Motor1_postion_control                   0x080037c7   Thumb Code    22  motor.o(.text)
    CheckValChange2                          0x08003819   Thumb Code    78  motor.o(.text)
    Motor1PointerControl                     0x08003867   Thumb Code   402  motor.o(.text)
    Motor1DynamicPostionGap                  0x080039f9   Thumb Code   264  motor.o(.text)
    CheckValChange3                          0x08003b01   Thumb Code    78  motor.o(.text)
    Motor1_drive                             0x08003b4f   Thumb Code    30  motor.o(.text)
    Motor1PostionControlSpeed                0x08003b6d   Thumb Code   302  motor.o(.text)
    .text                                    0x08003ce8   Section        0  ddiv.o(.text)
    .text                                    0x08003dc6   Section        0  dflti.o(.text)
    .text                                    0x08003de8   Section        0  uidiv.o(.text)
    .text                                    0x08003e14   Section        0  uldiv.o(.text)
    .text                                    0x08003e76   Section        0  depilogue.o(.text)
    .text                                    0x08003e76   Section        0  iusefp.o(.text)
    .text                                    0x08003f34   Section        0  dadd.o(.text)
    .text                                    0x08004082   Section        0  dmul.o(.text)
    .text                                    0x08004166   Section        0  dfixul.o(.text)
    .text                                    0x08004198   Section       40  cdrcmple.o(.text)
    .text                                    0x080041c0   Section       36  init.o(.text)
    .text                                    0x080041e4   Section        0  llshl.o(.text)
    .text                                    0x08004202   Section        0  llushr.o(.text)
    .text                                    0x08004222   Section        0  llsshr.o(.text)
    i.__0printf                              0x08004248   Section        0  printfa.o(i.__0printf)
    i.__scatterload_copy                     0x08004268   Section       14  handlers.o(i.__scatterload_copy)
    i.__scatterload_null                     0x08004276   Section        2  handlers.o(i.__scatterload_null)
    i.__scatterload_zeroinit                 0x08004278   Section       14  handlers.o(i.__scatterload_zeroinit)
    i._fp_digits                             0x08004288   Section        0  printfa.o(i._fp_digits)
    _fp_digits                               0x08004289   Thumb Code   326  printfa.o(i._fp_digits)
    i._printf_core                           0x080043e4   Section        0  printfa.o(i._printf_core)
    _printf_core                             0x080043e5   Thumb Code  1762  printfa.o(i._printf_core)
    i._printf_post_padding                   0x08004ad4   Section        0  printfa.o(i._printf_post_padding)
    _printf_post_padding                     0x08004ad5   Thumb Code    38  printfa.o(i._printf_post_padding)
    i._printf_pre_padding                    0x08004afa   Section        0  printfa.o(i._printf_pre_padding)
    _printf_pre_padding                      0x08004afb   Thumb Code    48  printfa.o(i._printf_pre_padding)
    .constdata                               0x08004b2a   Section     9044  motor.o(.constdata)
    .data                                    0x20000000   Section       20  system_stm32f30x.o(.data)
    .data                                    0x20000014   Section       12  usart.o(.data)
    TimingDelay                              0x2000001c   Data           4  usart.o(.data)
    .data                                    0x20000020   Section        4  delay.o(.data)
    TimingDelay                              0x20000020   Data           4  delay.o(.data)
    .data                                    0x20000024   Section       12  tim_init.o(.data)
    .data                                    0x20000030   Section       42  stm32f30x_rcc.o(.data)
    APBAHBPrescTable                         0x20000030   Data          16  stm32f30x_rcc.o(.data)
    ADCPrescTable                            0x20000040   Data          26  stm32f30x_rcc.o(.data)
    .data                                    0x2000005c   Section       84  motor.o(.data)
    Motor1_dir                               0x2000005c   Data           1  motor.o(.data)
    LineFlag                                 0x2000005d   Data           1  motor.o(.data)
    Motor1WillBackFlag                       0x2000005e   Data           1  motor.o(.data)
    Motor1_Stop_Flag                         0x2000005f   Data           1  motor.o(.data)
    Motor1_speed_postion_dir                 0x20000060   Data           1  motor.o(.data)
    Motor1_dir_Current                       0x20000061   Data           1  motor.o(.data)
    MotorPositionPointer                     0x20000062   Data           2  motor.o(.data)
    step_startstop                           0x20000064   Data           2  motor.o(.data)
    Motor1_postion_Current                   0x20000068   Data           4  motor.o(.data)
    Motor1_postion_user                      0x2000006c   Data           4  motor.o(.data)
    Motor1_user_postion_gap                  0x20000070   Data           4  motor.o(.data)
    Motor1_dynamic_postion_gap               0x20000074   Data           4  motor.o(.data)
    tempa1                                   0x20000084   Data           4  motor.o(.data)
    tempb1                                   0x20000088   Data           4  motor.o(.data)
    i                                        0x2000008c   Data           1  motor.o(.data)
    m                                        0x2000008d   Data           1  motor.o(.data)
    i                                        0x20000090   Data           4  motor.o(.data)
    RatioA                                   0x20000094   Data           1  motor.o(.data)
    RatioB                                   0x20000095   Data           1  motor.o(.data)
    tempa1                                   0x20000098   Data           4  motor.o(.data)
    tempb1                                   0x2000009c   Data           4  motor.o(.data)
    i                                        0x200000a0   Data           1  motor.o(.data)
    m                                        0x200000a1   Data           1  motor.o(.data)
    iStop                                    0x200000a2   Data           2  motor.o(.data)
    tempa1                                   0x200000a4   Data           4  motor.o(.data)
    tempb1                                   0x200000a8   Data           4  motor.o(.data)
    i                                        0x200000ac   Data           1  motor.o(.data)
    m                                        0x200000ad   Data           1  motor.o(.data)
    SpeedVal                                 0x200000ae   Data           2  motor.o(.data)
    .data                                    0x200000b0   Section        4  stdout.o(.data)
    .bss                                     0x200000b4   Section      178  mpu6050.o(.bss)
    STACK                                    0x20000168   Section     1024  startup_stm32f30x.o(STACK)

    Global Symbols

    Symbol Name                              Value     Ov Type        Size  Object(Section)

    BuildAttributes$$THM_ISAv4$E$P$D$K$B$S$7EM$VFPi3$EXTD16$VFPS$VFMA$PE$A:L22UL41UL21$X:L11$S22US41US21$IEEE1$IW$USESV6$~STKCKD$USESV7$~SHL$OSPACE$ROPI$EBA8$MICROLIB$REQ8$PRES8$EABIv2 0x00000000   Number         0  anon$$obj.o ABSOLUTE
    __ARM_use_no_argv                        0x00000000   Number         0  main.o ABSOLUTE
    _printf_a                                0x00000000   Number         0  stubs.o ABSOLUTE
    _printf_c                                0x00000000   Number         0  stubs.o ABSOLUTE
    _printf_charcount                        0x00000000   Number         0  stubs.o ABSOLUTE
    _printf_d                                0x00000000   Number         0  stubs.o ABSOLUTE
    _printf_e                                0x00000000   Number         0  stubs.o ABSOLUTE
    _printf_f                                0x00000000   Number         0  stubs.o ABSOLUTE
    _printf_flags                            0x00000000   Number         0  stubs.o ABSOLUTE
    _printf_fp_dec                           0x00000000   Number         0  stubs.o ABSOLUTE
    _printf_fp_hex                           0x00000000   Number         0  stubs.o ABSOLUTE
    _printf_g                                0x00000000   Number         0  stubs.o ABSOLUTE
    _printf_i                                0x00000000   Number         0  stubs.o ABSOLUTE
    _printf_int_dec                          0x00000000   Number         0  stubs.o ABSOLUTE
    _printf_l                                0x00000000   Number         0  stubs.o ABSOLUTE
    _printf_lc                               0x00000000   Number         0  stubs.o ABSOLUTE
    _printf_ll                               0x00000000   Number         0  stubs.o ABSOLUTE
    _printf_lld                              0x00000000   Number         0  stubs.o ABSOLUTE
    _printf_lli                              0x00000000   Number         0  stubs.o ABSOLUTE
    _printf_llo                              0x00000000   Number         0  stubs.o ABSOLUTE
    _printf_llu                              0x00000000   Number         0  stubs.o ABSOLUTE
    _printf_llx                              0x00000000   Number         0  stubs.o ABSOLUTE
    _printf_longlong_dec                     0x00000000   Number         0  stubs.o ABSOLUTE
    _printf_longlong_hex                     0x00000000   Number         0  stubs.o ABSOLUTE
    _printf_longlong_oct                     0x00000000   Number         0  stubs.o ABSOLUTE
    _printf_ls                               0x00000000   Number         0  stubs.o ABSOLUTE
    _printf_mbtowc                           0x00000000   Number         0  stubs.o ABSOLUTE
    _printf_n                                0x00000000   Number         0  stubs.o ABSOLUTE
    _printf_o                                0x00000000   Number         0  stubs.o ABSOLUTE
    _printf_p                                0x00000000   Number         0  stubs.o ABSOLUTE
    _printf_percent                          0x00000000   Number         0  stubs.o ABSOLUTE
    _printf_pre_padding                      0x00000000   Number         0  stubs.o ABSOLUTE
    _printf_return_value                     0x00000000   Number         0  stubs.o ABSOLUTE
    _printf_s                                0x00000000   Number         0  stubs.o ABSOLUTE
    _printf_sizespec                         0x00000000   Number         0  stubs.o ABSOLUTE
    _printf_str                              0x00000000   Number         0  stubs.o ABSOLUTE
    _printf_truncate_signed                  0x00000000   Number         0  stubs.o ABSOLUTE
    _printf_truncate_unsigned                0x00000000   Number         0  stubs.o ABSOLUTE
    _printf_u                                0x00000000   Number         0  stubs.o ABSOLUTE
    _printf_wc                               0x00000000   Number         0  stubs.o ABSOLUTE
    _printf_wctomb                           0x00000000   Number         0  stubs.o ABSOLUTE
    _printf_widthprec                        0x00000000   Number         0  stubs.o ABSOLUTE
    _printf_x                                0x00000000   Number         0  stubs.o ABSOLUTE
    __cpp_initialize__aeabi_                  - Undefined Weak Reference
    __cxa_finalize                            - Undefined Weak Reference
    __decompress                              - Undefined Weak Reference
    _clock_init                               - Undefined Weak Reference
    _microlib_exit                            - Undefined Weak Reference
    __Vectors_Size                           0x00000188   Number         0  startup_stm32f30x.o ABSOLUTE
    __Vectors                                0x08000000   Data           4  startup_stm32f30x.o(RESET)
    __Vectors_End                            0x08000188   Data           0  startup_stm32f30x.o(RESET)
    __main                                   0x08000189   Thumb Code     0  entry.o(.ARM.Collect$$$$00000000)
    _main_stk                                0x08000189   Thumb Code     0  entry2.o(.ARM.Collect$$$$00000001)
    _main_scatterload                        0x0800018d   Thumb Code     0  entry5.o(.ARM.Collect$$$$00000004)
    __main_after_scatterload                 0x08000191   Thumb Code     0  entry5.o(.ARM.Collect$$$$00000004)
    _main_clock                              0x08000191   Thumb Code     0  entry7b.o(.ARM.Collect$$$$00000008)
    _main_cpp_init                           0x08000191   Thumb Code     0  entry8b.o(.ARM.Collect$$$$0000000A)
    _main_init                               0x08000191   Thumb Code     0  entry9a.o(.ARM.Collect$$$$0000000B)
    __rt_final_cpp                           0x08000199   Thumb Code     0  entry10a.o(.ARM.Collect$$$$0000000D)
    __rt_final_exit                          0x08000199   Thumb Code     0  entry11a.o(.ARM.Collect$$$$0000000F)
    main                                     0x0800019d   Thumb Code   458  main.o(.text)
    NMI_Handler                              0x080003fd   Thumb Code     2  stm32f30x_it.o(.text)
    HardFault_Handler                        0x080003ff   Thumb Code     4  stm32f30x_it.o(.text)
    MemManage_Handler                        0x08000403   Thumb Code     4  stm32f30x_it.o(.text)
    BusFault_Handler                         0x08000407   Thumb Code     4  stm32f30x_it.o(.text)
    UsageFault_Handler                       0x0800040b   Thumb Code     4  stm32f30x_it.o(.text)
    SVC_Handler                              0x0800040f   Thumb Code     2  stm32f30x_it.o(.text)
    DebugMon_Handler                         0x08000411   Thumb Code     2  stm32f30x_it.o(.text)
    PendSV_Handler                           0x08000413   Thumb Code     2  stm32f30x_it.o(.text)
    SysTick_Handler                          0x08000415   Thumb Code     8  stm32f30x_it.o(.text)
    DMA1_Channel6_IRQHandler                 0x0800041d   Thumb Code    26  stm32f30x_it.o(.text)
    TIM1_CC_IRQHandler                       0x08000437   Thumb Code    52  stm32f30x_it.o(.text)
    SystemInit                               0x08000537   Thumb Code   112  system_stm32f30x.o(.text)
    SystemCoreClockUpdate                    0x080005a7   Thumb Code   138  system_stm32f30x.o(.text)
    Reset_Handler                            0x08000659   Thumb Code     8  startup_stm32f30x.o(.text)
    ADC1_2_IRQHandler                        0x08000673   Thumb Code     0  startup_stm32f30x.o(.text)
    ADC3_IRQHandler                          0x08000673   Thumb Code     0  startup_stm32f30x.o(.text)
    ADC4_IRQHandler                          0x08000673   Thumb Code     0  startup_stm32f30x.o(.text)
    CAN1_RX1_IRQHandler                      0x08000673   Thumb Code     0  startup_stm32f30x.o(.text)
    CAN1_SCE_IRQHandler                      0x08000673   Thumb Code     0  startup_stm32f30x.o(.text)
    COMP1_2_3_IRQHandler                     0x08000673   Thumb Code     0  startup_stm32f30x.o(.text)
    COMP4_5_6_IRQHandler                     0x08000673   Thumb Code     0  startup_stm32f30x.o(.text)
    COMP7_IRQHandler                         0x08000673   Thumb Code     0  startup_stm32f30x.o(.text)
    DMA1_Channel1_IRQHandler                 0x08000673   Thumb Code     0  startup_stm32f30x.o(.text)
    DMA1_Channel2_IRQHandler                 0x08000673   Thumb Code     0  startup_stm32f30x.o(.text)
    DMA1_Channel3_IRQHandler                 0x08000673   Thumb Code     0  startup_stm32f30x.o(.text)
    DMA1_Channel4_IRQHandler                 0x08000673   Thumb Code     0  startup_stm32f30x.o(.text)
    DMA1_Channel5_IRQHandler                 0x08000673   Thumb Code     0  startup_stm32f30x.o(.text)
    DMA1_Channel7_IRQHandler                 0x08000673   Thumb Code     0  startup_stm32f30x.o(.text)
    DMA2_Channel1_IRQHandler                 0x08000673   Thumb Code     0  startup_stm32f30x.o(.text)
    DMA2_Channel2_IRQHandler                 0x08000673   Thumb Code     0  startup_stm32f30x.o(.text)
    DMA2_Channel3_IRQHandler                 0x08000673   Thumb Code     0  startup_stm32f30x.o(.text)
    DMA2_Channel4_IRQHandler                 0x08000673   Thumb Code     0  startup_stm32f30x.o(.text)
    DMA2_Channel5_IRQHandler                 0x08000673   Thumb Code     0  startup_stm32f30x.o(.text)
    EXTI0_IRQHandler                         0x08000673   Thumb Code     0  startup_stm32f30x.o(.text)
    EXTI15_10_IRQHandler                     0x08000673   Thumb Code     0  startup_stm32f30x.o(.text)
    EXTI1_IRQHandler                         0x08000673   Thumb Code     0  startup_stm32f30x.o(.text)
    EXTI2_TS_IRQHandler                      0x08000673   Thumb Code     0  startup_stm32f30x.o(.text)
    EXTI3_IRQHandler                         0x08000673   Thumb Code     0  startup_stm32f30x.o(.text)
    EXTI4_IRQHandler                         0x08000673   Thumb Code     0  startup_stm32f30x.o(.text)
    EXTI9_5_IRQHandler                       0x08000673   Thumb Code     0  startup_stm32f30x.o(.text)
    FLASH_IRQHandler                         0x08000673   Thumb Code     0  startup_stm32f30x.o(.text)
    FPU_IRQHandler                           0x08000673   Thumb Code     0  startup_stm32f30x.o(.text)
    I2C1_ER_IRQHandler                       0x08000673   Thumb Code     0  startup_stm32f30x.o(.text)
    I2C1_EV_IRQHandler                       0x08000673   Thumb Code     0  startup_stm32f30x.o(.text)
    I2C2_ER_IRQHandler                       0x08000673   Thumb Code     0  startup_stm32f30x.o(.text)
    I2C2_EV_IRQHandler                       0x08000673   Thumb Code     0  startup_stm32f30x.o(.text)
    PVD_IRQHandler                           0x08000673   Thumb Code     0  startup_stm32f30x.o(.text)
    RCC_IRQHandler                           0x08000673   Thumb Code     0  startup_stm32f30x.o(.text)
    RTC_Alarm_IRQHandler                     0x08000673   Thumb Code     0  startup_stm32f30x.o(.text)
    RTC_WKUP_IRQHandler                      0x08000673   Thumb Code     0  startup_stm32f30x.o(.text)
    SPI1_IRQHandler                          0x08000673   Thumb Code     0  startup_stm32f30x.o(.text)
    SPI2_IRQHandler                          0x08000673   Thumb Code     0  startup_stm32f30x.o(.text)
    SPI3_IRQHandler                          0x08000673   Thumb Code     0  startup_stm32f30x.o(.text)
    TAMPER_STAMP_IRQHandler                  0x08000673   Thumb Code     0  startup_stm32f30x.o(.text)
    TIM1_BRK_TIM15_IRQHandler                0x08000673   Thumb Code     0  startup_stm32f30x.o(.text)
    TIM1_TRG_COM_TIM17_IRQHandler            0x08000673   Thumb Code     0  startup_stm32f30x.o(.text)
    TIM1_UP_TIM16_IRQHandler                 0x08000673   Thumb Code     0  startup_stm32f30x.o(.text)
    TIM2_IRQHandler                          0x08000673   Thumb Code     0  startup_stm32f30x.o(.text)
    TIM3_IRQHandler                          0x08000673   Thumb Code     0  startup_stm32f30x.o(.text)
    TIM4_IRQHandler                          0x08000673   Thumb Code     0  startup_stm32f30x.o(.text)
    TIM6_DAC_IRQHandler                      0x08000673   Thumb Code     0  startup_stm32f30x.o(.text)
    TIM7_IRQHandler                          0x08000673   Thumb Code     0  startup_stm32f30x.o(.text)
    TIM8_BRK_IRQHandler                      0x08000673   Thumb Code     0  startup_stm32f30x.o(.text)
    TIM8_CC_IRQHandler                       0x08000673   Thumb Code     0  startup_stm32f30x.o(.text)
    TIM8_TRG_COM_IRQHandler                  0x08000673   Thumb Code     0  startup_stm32f30x.o(.text)
    TIM8_UP_IRQHandler                       0x08000673   Thumb Code     0  startup_stm32f30x.o(.text)
    UART4_IRQHandler                         0x08000673   Thumb Code     0  startup_stm32f30x.o(.text)
    UART5_IRQHandler                         0x08000673   Thumb Code     0  startup_stm32f30x.o(.text)
    USART1_IRQHandler                        0x08000673   Thumb Code     0  startup_stm32f30x.o(.text)
    USART2_IRQHandler                        0x08000673   Thumb Code     0  startup_stm32f30x.o(.text)
    USART3_IRQHandler                        0x08000673   Thumb Code     0  startup_stm32f30x.o(.text)
    USBWakeUp_IRQHandler                     0x08000673   Thumb Code     0  startup_stm32f30x.o(.text)
    USBWakeUp_RMP_IRQHandler                 0x08000673   Thumb Code     0  startup_stm32f30x.o(.text)
    USB_HP_CAN1_TX_IRQHandler                0x08000673   Thumb Code     0  startup_stm32f30x.o(.text)
    USB_HP_IRQHandler                        0x08000673   Thumb Code     0  startup_stm32f30x.o(.text)
    USB_LP_CAN1_RX0_IRQHandler               0x08000673   Thumb Code     0  startup_stm32f30x.o(.text)
    USB_LP_IRQHandler                        0x08000673   Thumb Code     0  startup_stm32f30x.o(.text)
    WWDG_IRQHandler                          0x08000673   Thumb Code     0  startup_stm32f30x.o(.text)
    usart2_init                              0x0800067d   Thumb Code   136  usart.o(.text)
    Usart2Received_DMA1start                 0x08000705   Thumb Code   152  usart.o(.text)
    fputc                                    0x0800079d   Thumb Code    40  usart.o(.text)
    delay_init                               0x080007d5   Thumb Code    88  delay.o(.text)
    delay_us                                 0x0800082d   Thumb Code    20  delay.o(.text)
    delay_ms                                 0x08000841   Thumb Code    26  delay.o(.text)
    TimingDelay_Decrement                    0x0800085b   Thumb Code    18  delay.o(.text)
    IIC_Init                                 0x08000881   Thumb Code    52  iic.o(.text)
    IIC_Start                                0x080008b5   Thumb Code    96  iic.o(.text)
    IIC_Stop                                 0x08000915   Thumb Code    90  iic.o(.text)
    IIC_Wait_Ack                             0x0800096f   Thumb Code   122  iic.o(.text)
    IIC_Ack                                  0x080009e9   Thumb Code   102  iic.o(.text)
    IIC_NAck                                 0x08000a4f   Thumb Code   102  iic.o(.text)
    IIC_Send_Byte                            0x08000ab5   Thumb Code   148  iic.o(.text)
    IIC_Read_Byte                            0x08000b49   Thumb Code   112  iic.o(.text)
    I2C_ReadOneByte                          0x08000bb9   Thumb Code    70  iic.o(.text)
    IICreadBytes                             0x08000bff   Thumb Code   104  iic.o(.text)
    IICwriteBytes                            0x08000c67   Thumb Code    98  iic.o(.text)
    IICreadByte                              0x08000cc9   Thumb Code    22  iic.o(.text)
    IICwriteByte                             0x08000cdf   Thumb Code    20  iic.o(.text)
    IICwriteBits                             0x08000cf3   Thumb Code   106  iic.o(.text)
    IICwriteBit                              0x08000d5d   Thumb Code    64  iic.o(.text)
    TIM3_PWM_Init                            0x08000d9d   Thumb Code   304  tim_init.o(.text)
    TIM1_Int_Init                            0x08000ecd   Thumb Code   128  tim_init.o(.text)
    DMA_DeInit                               0x08000f6d   Thumb Code   324  stm32f30x_dma.o(.text)
    DMA_Init                                 0x080010b1   Thumb Code    60  stm32f30x_dma.o(.text)
    DMA_StructInit                           0x080010ed   Thumb Code    26  stm32f30x_dma.o(.text)
    DMA_Cmd                                  0x08001107   Thumb Code    24  stm32f30x_dma.o(.text)
    DMA_SetCurrDataCounter                   0x0800111f   Thumb Code     4  stm32f30x_dma.o(.text)
    DMA_GetCurrDataCounter                   0x08001123   Thumb Code     8  stm32f30x_dma.o(.text)
    DMA_ITConfig                             0x0800112b   Thumb Code    18  stm32f30x_dma.o(.text)
    DMA_GetFlagStatus                        0x0800113d   Thumb Code    38  stm32f30x_dma.o(.text)
    DMA_ClearFlag                            0x08001163   Thumb Code    22  stm32f30x_dma.o(.text)
    DMA_GetITStatus                          0x08001179   Thumb Code    38  stm32f30x_dma.o(.text)
    DMA_ClearITPendingBit                    0x0800119f   Thumb Code    22  stm32f30x_dma.o(.text)
    GPIO_DeInit                              0x080011bd   Thumb Code   154  stm32f30x_gpio.o(.text)
    GPIO_Init                                0x08001257   Thumb Code   144  stm32f30x_gpio.o(.text)
    GPIO_StructInit                          0x080012e7   Thumb Code    22  stm32f30x_gpio.o(.text)
    GPIO_PinLockConfig                       0x080012fd   Thumb Code    18  stm32f30x_gpio.o(.text)
    GPIO_ReadInputDataBit                    0x0800130f   Thumb Code    18  stm32f30x_gpio.o(.text)
    GPIO_ReadInputData                       0x08001321   Thumb Code     6  stm32f30x_gpio.o(.text)
    GPIO_ReadOutputDataBit                   0x08001327   Thumb Code    18  stm32f30x_gpio.o(.text)
    GPIO_ReadOutputData                      0x08001339   Thumb Code     6  stm32f30x_gpio.o(.text)
    GPIO_SetBits                             0x0800133f   Thumb Code     4  stm32f30x_gpio.o(.text)
    GPIO_ResetBits                           0x08001343   Thumb Code     4  stm32f30x_gpio.o(.text)
    GPIO_WriteBit                            0x08001347   Thumb Code    10  stm32f30x_gpio.o(.text)
    GPIO_Write                               0x08001351   Thumb Code     4  stm32f30x_gpio.o(.text)
    GPIO_PinAFConfig                         0x08001355   Thumb Code    70  stm32f30x_gpio.o(.text)
    NVIC_PriorityGroupConfig                 0x080013b1   Thumb Code    10  stm32f30x_misc.o(.text)
    NVIC_Init                                0x080013bb   Thumb Code   102  stm32f30x_misc.o(.text)
    NVIC_SetVectorTable                      0x08001421   Thumb Code    14  stm32f30x_misc.o(.text)
    NVIC_SystemLPConfig                      0x0800142f   Thumb Code    34  stm32f30x_misc.o(.text)
    SysTick_CLKSourceConfig                  0x08001451   Thumb Code    40  stm32f30x_misc.o(.text)
    RCC_DeInit                               0x0800148d   Thumb Code    84  stm32f30x_rcc.o(.text)
    RCC_HSEConfig                            0x080014e1   Thumb Code    12  stm32f30x_rcc.o(.text)
    RCC_GetFlagStatus                        0x080014ed   Thumb Code    64  stm32f30x_rcc.o(.text)
    RCC_WaitForHSEStartUp                    0x0800152d   Thumb Code    56  stm32f30x_rcc.o(.text)
    RCC_AdjustHSICalibrationValue            0x08001565   Thumb Code    20  stm32f30x_rcc.o(.text)
    RCC_HSICmd                               0x08001579   Thumb Code     6  stm32f30x_rcc.o(.text)
    RCC_LSEConfig                            0x0800157f   Thumb Code    32  stm32f30x_rcc.o(.text)
    RCC_LSEDriveConfig                       0x0800159f   Thumb Code    22  stm32f30x_rcc.o(.text)
    RCC_LSICmd                               0x080015b5   Thumb Code     6  stm32f30x_rcc.o(.text)
    RCC_PLLConfig                            0x080015bb   Thumb Code    28  stm32f30x_rcc.o(.text)
    RCC_PLLCmd                               0x080015d7   Thumb Code     6  stm32f30x_rcc.o(.text)
    RCC_PREDIV1Config                        0x080015dd   Thumb Code    18  stm32f30x_rcc.o(.text)
    RCC_ClockSecuritySystemCmd               0x080015ef   Thumb Code     6  stm32f30x_rcc.o(.text)
    RCC_MCOConfig                            0x080015f5   Thumb Code     6  stm32f30x_rcc.o(.text)
    RCC_SYSCLKConfig                         0x080015fb   Thumb Code    18  stm32f30x_rcc.o(.text)
    RCC_GetSYSCLKSource                      0x0800160d   Thumb Code    10  stm32f30x_rcc.o(.text)
    RCC_HCLKConfig                           0x08001617   Thumb Code    18  stm32f30x_rcc.o(.text)
    RCC_PCLK1Config                          0x08001629   Thumb Code    18  stm32f30x_rcc.o(.text)
    RCC_PCLK2Config                          0x0800163b   Thumb Code    20  stm32f30x_rcc.o(.text)
    RCC_GetClocksFreq                        0x0800164f   Thumb Code  1088  stm32f30x_rcc.o(.text)
    RCC_ADCCLKConfig                         0x08001a8f   Thumb Code    44  stm32f30x_rcc.o(.text)
    RCC_I2CCLKConfig                         0x08001abb   Thumb Code    44  stm32f30x_rcc.o(.text)
    RCC_TIMCLKConfig                         0x08001ae7   Thumb Code    44  stm32f30x_rcc.o(.text)
    RCC_USARTCLKConfig                       0x08001b13   Thumb Code   104  stm32f30x_rcc.o(.text)
    RCC_USBCLKConfig                         0x08001b7b   Thumb Code     6  stm32f30x_rcc.o(.text)
    RCC_RTCCLKConfig                         0x08001b81   Thumb Code    12  stm32f30x_rcc.o(.text)
    RCC_I2SCLKConfig                         0x08001b8d   Thumb Code     6  stm32f30x_rcc.o(.text)
    RCC_RTCCLKCmd                            0x08001b93   Thumb Code     6  stm32f30x_rcc.o(.text)
    RCC_BackupResetCmd                       0x08001b99   Thumb Code     8  stm32f30x_rcc.o(.text)
    RCC_AHBPeriphClockCmd                    0x08001ba1   Thumb Code    26  stm32f30x_rcc.o(.text)
    RCC_APB2PeriphClockCmd                   0x08001bbb   Thumb Code    26  stm32f30x_rcc.o(.text)
    RCC_APB1PeriphClockCmd                   0x08001bd5   Thumb Code    26  stm32f30x_rcc.o(.text)
    RCC_AHBPeriphResetCmd                    0x08001bef   Thumb Code    26  stm32f30x_rcc.o(.text)
    RCC_APB2PeriphResetCmd                   0x08001c09   Thumb Code    26  stm32f30x_rcc.o(.text)
    RCC_APB1PeriphResetCmd                   0x08001c23   Thumb Code    26  stm32f30x_rcc.o(.text)
    RCC_ITConfig                             0x08001c3d   Thumb Code    26  stm32f30x_rcc.o(.text)
    RCC_ClearFlag                            0x08001c57   Thumb Code    14  stm32f30x_rcc.o(.text)
    RCC_GetITStatus                          0x08001c65   Thumb Code    20  stm32f30x_rcc.o(.text)
    RCC_ClearITPendingBit                    0x08001c79   Thumb Code     6  stm32f30x_rcc.o(.text)
    TIM_DeInit                               0x08001c95   Thumb Code   250  stm32f30x_tim.o(.text)
    TIM_TimeBaseInit                         0x08001d8f   Thumb Code   116  stm32f30x_tim.o(.text)
    TIM_TimeBaseStructInit                   0x08001e03   Thumb Code    18  stm32f30x_tim.o(.text)
    TIM_PrescalerConfig                      0x08001e15   Thumb Code     6  stm32f30x_tim.o(.text)
    TIM_CounterModeConfig                    0x08001e1b   Thumb Code    18  stm32f30x_tim.o(.text)
    TIM_SetCounter                           0x08001e2d   Thumb Code     4  stm32f30x_tim.o(.text)
    TIM_SetAutoreload                        0x08001e31   Thumb Code     4  stm32f30x_tim.o(.text)
    TIM_GetCounter                           0x08001e35   Thumb Code     6  stm32f30x_tim.o(.text)
    TIM_GetPrescaler                         0x08001e3b   Thumb Code     6  stm32f30x_tim.o(.text)
    TIM_UpdateDisableConfig                  0x08001e41   Thumb Code    24  stm32f30x_tim.o(.text)
    TIM_UpdateRequestConfig                  0x08001e59   Thumb Code    24  stm32f30x_tim.o(.text)
    TIM_UIFRemap                             0x08001e71   Thumb Code    24  stm32f30x_tim.o(.text)
    TIM_ARRPreloadConfig                     0x08001e89   Thumb Code    24  stm32f30x_tim.o(.text)
    TIM_SelectOnePulseMode                   0x08001ea1   Thumb Code    18  stm32f30x_tim.o(.text)
    TIM_SetClockDivision                     0x08001eb3   Thumb Code    18  stm32f30x_tim.o(.text)
    TIM_Cmd                                  0x08001ec5   Thumb Code    24  stm32f30x_tim.o(.text)
    TIM_OC1Init                              0x08001edd   Thumb Code   120  stm32f30x_tim.o(.text)
    TIM_OC2Init                              0x08001f55   Thumb Code   116  stm32f30x_tim.o(.text)
    TIM_OC3Init                              0x08001fc9   Thumb Code   114  stm32f30x_tim.o(.text)
    TIM_OC4Init                              0x0800203b   Thumb Code   130  stm32f30x_tim.o(.text)
    TIM_OC5Init                              0x080020bd   Thumb Code    80  stm32f30x_tim.o(.text)
    TIM_OC6Init                              0x0800210d   Thumb Code    88  stm32f30x_tim.o(.text)
    TIM_SelectGC5C1                          0x08002165   Thumb Code    22  stm32f30x_tim.o(.text)
    TIM_SelectGC5C2                          0x0800217b   Thumb Code    22  stm32f30x_tim.o(.text)
    TIM_SelectGC5C3                          0x08002191   Thumb Code    22  stm32f30x_tim.o(.text)
    TIM_OCStructInit                         0x080021a7   Thumb Code    20  stm32f30x_tim.o(.text)
    TIM_SelectOCxM                           0x080021bb   Thumb Code    84  stm32f30x_tim.o(.text)
    TIM_SetCompare1                          0x0800220f   Thumb Code     4  stm32f30x_tim.o(.text)
    TIM_SetCompare2                          0x08002213   Thumb Code     4  stm32f30x_tim.o(.text)
    TIM_SetCompare3                          0x08002217   Thumb Code     4  stm32f30x_tim.o(.text)
    TIM_SetCompare4                          0x0800221b   Thumb Code     4  stm32f30x_tim.o(.text)
    TIM_SetCompare5                          0x0800221f   Thumb Code     4  stm32f30x_tim.o(.text)
    TIM_SetCompare6                          0x08002223   Thumb Code     4  stm32f30x_tim.o(.text)
    TIM_ForcedOC1Config                      0x08002227   Thumb Code    16  stm32f30x_tim.o(.text)
    TIM_ForcedOC2Config                      0x08002237   Thumb Code    18  stm32f30x_tim.o(.text)
    TIM_ForcedOC3Config                      0x08002249   Thumb Code    16  stm32f30x_tim.o(.text)
    TIM_ForcedOC4Config                      0x08002259   Thumb Code    18  stm32f30x_tim.o(.text)
    TIM_ForcedOC5Config                      0x0800226b   Thumb Code    16  stm32f30x_tim.o(.text)
    TIM_ForcedOC6Config                      0x0800227b   Thumb Code    18  stm32f30x_tim.o(.text)
    TIM_OC1PreloadConfig                     0x0800228d   Thumb Code    16  stm32f30x_tim.o(.text)
    TIM_OC2PreloadConfig                     0x0800229d   Thumb Code    18  stm32f30x_tim.o(.text)
    TIM_OC3PreloadConfig                     0x080022af   Thumb Code    16  stm32f30x_tim.o(.text)
    TIM_OC4PreloadConfig                     0x080022bf   Thumb Code    18  stm32f30x_tim.o(.text)
    TIM_OC5PreloadConfig                     0x080022d1   Thumb Code    16  stm32f30x_tim.o(.text)
    TIM_OC6PreloadConfig                     0x080022e1   Thumb Code    18  stm32f30x_tim.o(.text)
    TIM_OC1FastConfig                        0x080022f3   Thumb Code    16  stm32f30x_tim.o(.text)
    TIM_OC2FastConfig                        0x08002303   Thumb Code    18  stm32f30x_tim.o(.text)
    TIM_OC3FastConfig                        0x08002315   Thumb Code    16  stm32f30x_tim.o(.text)
    TIM_OC4FastConfig                        0x08002325   Thumb Code    18  stm32f30x_tim.o(.text)
    TIM_ClearOC1Ref                          0x08002337   Thumb Code    16  stm32f30x_tim.o(.text)
    TIM_ClearOC2Ref                          0x08002347   Thumb Code    18  stm32f30x_tim.o(.text)
    TIM_ClearOC3Ref                          0x08002359   Thumb Code    16  stm32f30x_tim.o(.text)
    TIM_ClearOC4Ref                          0x08002369   Thumb Code    18  stm32f30x_tim.o(.text)
    TIM_ClearOC5Ref                          0x0800237b   Thumb Code    16  stm32f30x_tim.o(.text)
    TIM_ClearOC6Ref                          0x0800238b   Thumb Code    18  stm32f30x_tim.o(.text)
    TIM_SelectOCREFClear                     0x0800239d   Thumb Code    18  stm32f30x_tim.o(.text)
    TIM_OC1PolarityConfig                    0x080023af   Thumb Code    16  stm32f30x_tim.o(.text)
    TIM_OC1NPolarityConfig                   0x080023bf   Thumb Code    16  stm32f30x_tim.o(.text)
    TIM_OC2PolarityConfig                    0x080023cf   Thumb Code    18  stm32f30x_tim.o(.text)
    TIM_OC2NPolarityConfig                   0x080023e1   Thumb Code    18  stm32f30x_tim.o(.text)
    TIM_OC3PolarityConfig                    0x080023f3   Thumb Code    18  stm32f30x_tim.o(.text)
    TIM_OC3NPolarityConfig                   0x08002405   Thumb Code    18  stm32f30x_tim.o(.text)
    TIM_OC4PolarityConfig                    0x08002417   Thumb Code    18  stm32f30x_tim.o(.text)
    TIM_OC5PolarityConfig                    0x08002429   Thumb Code    18  stm32f30x_tim.o(.text)
    TIM_OC6PolarityConfig                    0x0800243b   Thumb Code    18  stm32f30x_tim.o(.text)
    TIM_CCxCmd                               0x0800244d   Thumb Code    28  stm32f30x_tim.o(.text)
    TIM_CCxNCmd                              0x08002469   Thumb Code    28  stm32f30x_tim.o(.text)
    TIM_SetIC4Prescaler                      0x08002485   Thumb Code    26  stm32f30x_tim.o(.text)
    TIM_SetIC3Prescaler                      0x08002507   Thumb Code    18  stm32f30x_tim.o(.text)
    TIM_SetIC2Prescaler                      0x08002565   Thumb Code    18  stm32f30x_tim.o(.text)
    TIM_SetIC1Prescaler                      0x080025b9   Thumb Code    16  stm32f30x_tim.o(.text)
    TIM_ICInit                               0x080025f9   Thumb Code   110  stm32f30x_tim.o(.text)
    TIM_ICStructInit                         0x08002667   Thumb Code    18  stm32f30x_tim.o(.text)
    TIM_PWMIConfig                           0x08002679   Thumb Code   124  stm32f30x_tim.o(.text)
    TIM_GetCapture1                          0x080026f5   Thumb Code     6  stm32f30x_tim.o(.text)
    TIM_GetCapture2                          0x080026fb   Thumb Code     6  stm32f30x_tim.o(.text)
    TIM_GetCapture3                          0x08002701   Thumb Code     6  stm32f30x_tim.o(.text)
    TIM_GetCapture4                          0x08002707   Thumb Code     6  stm32f30x_tim.o(.text)
    TIM_BDTRConfig                           0x0800270d   Thumb Code    30  stm32f30x_tim.o(.text)
    TIM_Break1Config                         0x0800272b   Thumb Code    22  stm32f30x_tim.o(.text)
    TIM_Break2Config                         0x08002741   Thumb Code    22  stm32f30x_tim.o(.text)
    TIM_Break1Cmd                            0x08002757   Thumb Code    22  stm32f30x_tim.o(.text)
    TIM_Break2Cmd                            0x0800276d   Thumb Code    22  stm32f30x_tim.o(.text)
    TIM_BDTRStructInit                       0x08002783   Thumb Code    18  stm32f30x_tim.o(.text)
    TIM_CtrlPWMOutputs                       0x08002795   Thumb Code    22  stm32f30x_tim.o(.text)
    TIM_SelectCOM                            0x080027ab   Thumb Code    24  stm32f30x_tim.o(.text)
    TIM_CCPreloadControl                     0x080027c3   Thumb Code    24  stm32f30x_tim.o(.text)
    TIM_ITConfig                             0x080027db   Thumb Code    24  stm32f30x_tim.o(.text)
    TIM_GenerateEvent                        0x080027f3   Thumb Code     4  stm32f30x_tim.o(.text)
    TIM_GetFlagStatus                        0x080027f7   Thumb Code    18  stm32f30x_tim.o(.text)
    TIM_ClearFlag                            0x08002809   Thumb Code     8  stm32f30x_tim.o(.text)
    TIM_GetITStatus                          0x08002811   Thumb Code    34  stm32f30x_tim.o(.text)
    TIM_ClearITPendingBit                    0x08002833   Thumb Code     8  stm32f30x_tim.o(.text)
    TIM_DMAConfig                            0x0800283b   Thumb Code    10  stm32f30x_tim.o(.text)
    TIM_DMACmd                               0x08002845   Thumb Code    24  stm32f30x_tim.o(.text)
    TIM_SelectCCDMA                          0x0800285d   Thumb Code    24  stm32f30x_tim.o(.text)
    TIM_InternalClockConfig                  0x08002875   Thumb Code    12  stm32f30x_tim.o(.text)
    TIM_SelectInputTrigger                   0x08002881   Thumb Code    20  stm32f30x_tim.o(.text)
    TIM_ITRxExternalClockConfig              0x08002895   Thumb Code    24  stm32f30x_tim.o(.text)
    TIM_TIxExternalClockConfig               0x080028ad   Thumb Code    62  stm32f30x_tim.o(.text)
    TIM_ETRConfig                            0x080028eb   Thumb Code    30  stm32f30x_tim.o(.text)
    TIM_ETRClockMode1Config                  0x08002909   Thumb Code    56  stm32f30x_tim.o(.text)
    TIM_ETRClockMode2Config                  0x08002941   Thumb Code    32  stm32f30x_tim.o(.text)
    TIM_SelectOutputTrigger                  0x08002961   Thumb Code    18  stm32f30x_tim.o(.text)
    TIM_SelectOutputTrigger2                 0x08002973   Thumb Code    16  stm32f30x_tim.o(.text)
    TIM_SelectSlaveMode                      0x08002983   Thumb Code    16  stm32f30x_tim.o(.text)
    TIM_SelectMasterSlaveMode                0x08002993   Thumb Code    18  stm32f30x_tim.o(.text)
    TIM_EncoderInterfaceConfig               0x080029a5   Thumb Code    72  stm32f30x_tim.o(.text)
    TIM_SelectHallSensor                     0x080029ed   Thumb Code    24  stm32f30x_tim.o(.text)
    TIM_RemapConfig                          0x08002a05   Thumb Code     6  stm32f30x_tim.o(.text)
    USART_DeInit                             0x08002a11   Thumb Code   134  stm32f30x_usart.o(.text)
    USART_Init                               0x08002a97   Thumb Code   220  stm32f30x_usart.o(.text)
    USART_StructInit                         0x08002b73   Thumb Code    24  stm32f30x_usart.o(.text)
    USART_ClockInit                          0x08002b8b   Thumb Code    30  stm32f30x_usart.o(.text)
    USART_ClockStructInit                    0x08002ba9   Thumb Code    12  stm32f30x_usart.o(.text)
    USART_Cmd                                0x08002bb5   Thumb Code    22  stm32f30x_usart.o(.text)
    USART_DirectionModeCmd                   0x08002bcb   Thumb Code    18  stm32f30x_usart.o(.text)
    USART_OverSampling8Cmd                   0x08002bdd   Thumb Code    22  stm32f30x_usart.o(.text)
    USART_OneBitMethodCmd                    0x08002bf3   Thumb Code    22  stm32f30x_usart.o(.text)
    USART_MSBFirstCmd                        0x08002c09   Thumb Code    22  stm32f30x_usart.o(.text)
    USART_DataInvCmd                         0x08002c1f   Thumb Code    22  stm32f30x_usart.o(.text)
    USART_InvPinCmd                          0x08002c35   Thumb Code    18  stm32f30x_usart.o(.text)
    USART_SWAPPinCmd                         0x08002c47   Thumb Code    22  stm32f30x_usart.o(.text)
    USART_ReceiverTimeOutCmd                 0x08002c5d   Thumb Code    22  stm32f30x_usart.o(.text)
    USART_SetReceiverTimeOut                 0x08002c73   Thumb Code    16  stm32f30x_usart.o(.text)
    USART_SetPrescaler                       0x08002c83   Thumb Code    16  stm32f30x_usart.o(.text)
    USART_STOPModeCmd                        0x08002c93   Thumb Code    22  stm32f30x_usart.o(.text)
    USART_StopModeWakeUpSourceConfig         0x08002ca9   Thumb Code    16  stm32f30x_usart.o(.text)
    USART_AutoBaudRateCmd                    0x08002cb9   Thumb Code    22  stm32f30x_usart.o(.text)
    USART_AutoBaudRateConfig                 0x08002ccf   Thumb Code    16  stm32f30x_usart.o(.text)
    USART_SendData                           0x08002cdf   Thumb Code     8  stm32f30x_usart.o(.text)
    USART_ReceiveData                        0x08002ce7   Thumb Code    10  stm32f30x_usart.o(.text)
    USART_SetAddress                         0x08002cf1   Thumb Code    18  stm32f30x_usart.o(.text)
    USART_MuteModeCmd                        0x08002d03   Thumb Code    22  stm32f30x_usart.o(.text)
    USART_MuteModeWakeUpConfig               0x08002d19   Thumb Code    16  stm32f30x_usart.o(.text)
    USART_AddressDetectionConfig             0x08002d29   Thumb Code    16  stm32f30x_usart.o(.text)
    USART_LINBreakDetectLengthConfig         0x08002d39   Thumb Code    16  stm32f30x_usart.o(.text)
    USART_LINCmd                             0x08002d49   Thumb Code    22  stm32f30x_usart.o(.text)
    USART_HalfDuplexCmd                      0x08002d5f   Thumb Code    22  stm32f30x_usart.o(.text)
    USART_SetGuardTime                       0x08002d75   Thumb Code    16  stm32f30x_usart.o(.text)
    USART_SmartCardCmd                       0x08002d85   Thumb Code    22  stm32f30x_usart.o(.text)
    USART_SmartCardNACKCmd                   0x08002d9b   Thumb Code    22  stm32f30x_usart.o(.text)
    USART_SetAutoRetryCount                  0x08002db1   Thumb Code    18  stm32f30x_usart.o(.text)
    USART_SetBlockLength                     0x08002dc3   Thumb Code    18  stm32f30x_usart.o(.text)
    USART_IrDAConfig                         0x08002dd5   Thumb Code    16  stm32f30x_usart.o(.text)
    USART_IrDACmd                            0x08002de5   Thumb Code    44  stm32f30x_usart.o(.text)
    USART_DECmd                              0x08002e11   Thumb Code    22  stm32f30x_usart.o(.text)
    USART_DEPolarityConfig                   0x08002e27   Thumb Code    16  stm32f30x_usart.o(.text)
    USART_SetDEAssertionTime                 0x08002e37   Thumb Code    18  stm32f30x_usart.o(.text)
    USART_SetDEDeassertionTime               0x08002e49   Thumb Code    18  stm32f30x_usart.o(.text)
    USART_DMACmd                             0x08002e5b   Thumb Code    18  stm32f30x_usart.o(.text)
    USART_DMAReceptionErrorConfig            0x08002e6d   Thumb Code    16  stm32f30x_usart.o(.text)
    USART_ITConfig                           0x08002e7d   Thumb Code    58  stm32f30x_usart.o(.text)
    USART_RequestCmd                         0x08002eb7   Thumb Code    18  stm32f30x_usart.o(.text)
    USART_OverrunDetectionConfig             0x08002ec9   Thumb Code    16  stm32f30x_usart.o(.text)
    USART_GetFlagStatus                      0x08002ed9   Thumb Code    18  stm32f30x_usart.o(.text)
    USART_ClearFlag                          0x08002eeb   Thumb Code     4  stm32f30x_usart.o(.text)
    USART_GetITStatus                        0x08002eef   Thumb Code    74  stm32f30x_usart.o(.text)
    USART_ClearITPendingBit                  0x08002f39   Thumb Code    18  stm32f30x_usart.o(.text)
    MPU6050_is_DRY                           0x08002f4d   Thumb Code    20  mpu6050.o(.text)
    MPU6050_setClockSource                   0x08002f61   Thumb Code    20  mpu6050.o(.text)
    MPU6050_reset                            0x08002f75   Thumb Code    16  mpu6050.o(.text)
    MPU6050_setFullScaleGyroRange            0x08002f85   Thumb Code    20  mpu6050.o(.text)
    MPU6050_setFullScaleAccelRange           0x08002f99   Thumb Code    20  mpu6050.o(.text)
    MPU6050_setSleepEnabled                  0x08002fad   Thumb Code    18  mpu6050.o(.text)
    MPU6050_getDeviceID                      0x08002fbf   Thumb Code    20  mpu6050.o(.text)
    MPU6050_testConnection                   0x08002fd3   Thumb Code    18  mpu6050.o(.text)
    MPU6050_setI2CMasterModeEnabled          0x08002fe5   Thumb Code    18  mpu6050.o(.text)
    MPU6050_setI2CBypassEnabled              0x08002ff7   Thumb Code    18  mpu6050.o(.text)
    MPU6050_Check                            0x08003009   Thumb Code    34  mpu6050.o(.text)
    MPU6050_initialize                       0x0800302b   Thumb Code    80  mpu6050.o(.text)
    MPU6050AccRead                           0x0800307b   Thumb Code    66  mpu6050.o(.text)
    MPU6050GyroRead                          0x080030bd   Thumb Code    66  mpu6050.o(.text)
    MPU6050_setAccOffset                     0x080030ff   Thumb Code    56  mpu6050.o(.text)
    MPU6050_setGyroOffset                    0x08003137   Thumb Code    56  mpu6050.o(.text)
    MPU6050_setMemoryBank                    0x0800316f   Thumb Code    36  mpu6050.o(.text)
    MPU6050_setMemoryStartAddress            0x08003193   Thumb Code    16  mpu6050.o(.text)
    MPU6050_readMemoryByte                   0x080031a3   Thumb Code    20  mpu6050.o(.text)
    MPU6050_getXGyroOffset                   0x080031b7   Thumb Code    30  mpu6050.o(.text)
    MPU6050_getYGyroOffset                   0x080031d5   Thumb Code    30  mpu6050.o(.text)
    MPU6050_getZGyroOffset                   0x080031f3   Thumb Code    30  mpu6050.o(.text)
    MPU6050_writeMemoryBlock                 0x08003211   Thumb Code   188  mpu6050.o(.text)
    MPU6050_writeDMPConfigurationSet         0x080032cd   Thumb Code   198  mpu6050.o(.text)
    MPU6050_writeProgMemoryBlock             0x08003393   Thumb Code    38  mpu6050.o(.text)
    MPU6050_writeProgDMPConfigurationSet     0x080033b9   Thumb Code    18  mpu6050.o(.text)
    MPU6050_setIntEnabled                    0x080033cb   Thumb Code    16  mpu6050.o(.text)
    MPU6050_setRate                          0x080033db   Thumb Code    16  mpu6050.o(.text)
    MPU6050_setDLPFMode                      0x080033eb   Thumb Code    20  mpu6050.o(.text)
    MPU6050_setExternalFrameSync             0x080033ff   Thumb Code    20  mpu6050.o(.text)
    MPU6050_setDMPConfig1                    0x08003413   Thumb Code    16  mpu6050.o(.text)
    MPU6050_setDMPConfig2                    0x08003423   Thumb Code    16  mpu6050.o(.text)
    MPU6050_setOTPBankValid                  0x08003433   Thumb Code    18  mpu6050.o(.text)
    MPU6050_setXGyroOffset                   0x08003445   Thumb Code    26  mpu6050.o(.text)
    MPU6050_setYGyroOffset                   0x0800345f   Thumb Code    26  mpu6050.o(.text)
    MPU6050_setZGyroOffset                   0x08003479   Thumb Code    26  mpu6050.o(.text)
    MPU6050_resetFIFO                        0x08003493   Thumb Code    16  mpu6050.o(.text)
    MPU6050_getFIFOCount                     0x080034a3   Thumb Code    28  mpu6050.o(.text)
    MPU6050_setMotionDetectionThreshold      0x080034bf   Thumb Code    16  mpu6050.o(.text)
    MPU6050_setZeroMotionDetectionThreshold  0x080034cf   Thumb Code    16  mpu6050.o(.text)
    MPU6050_setMotionDetectionDuration       0x080034df   Thumb Code    16  mpu6050.o(.text)
    MPU6050_setZeroMotionDetectionDuration   0x080034ef   Thumb Code    16  mpu6050.o(.text)
    MPU6050_readMemoryBlock                  0x080034ff   Thumb Code   116  mpu6050.o(.text)
    MPU6050_getFIFOBytes                     0x08003573   Thumb Code    20  mpu6050.o(.text)
    MPU6050_getIntStatus                     0x08003587   Thumb Code    12  mpu6050.o(.text)
    MPU6050_setDMPEnabled                    0x08003593   Thumb Code    18  mpu6050.o(.text)
    MPU6050_getOTPBankValid                  0x080035a5   Thumb Code    18  mpu6050.o(.text)
    MPU6050_getXGyroOffsetTC                 0x080035b7   Thumb Code    20  mpu6050.o(.text)
    MPU6050_setXGyroOffsetTC                 0x080035cb   Thumb Code    22  mpu6050.o(.text)
    MPU6050_getYGyroOffsetTC                 0x080035e1   Thumb Code    20  mpu6050.o(.text)
    MPU6050_setYGyroOffsetTC                 0x080035f5   Thumb Code    22  mpu6050.o(.text)
    MPU6050_getZGyroOffsetTC                 0x0800360b   Thumb Code    20  mpu6050.o(.text)
    MPU6050_setZGyroOffsetTC                 0x0800361f   Thumb Code    22  mpu6050.o(.text)
    MPU6050_setSlaveAddress                  0x08003635   Thumb Code    32  mpu6050.o(.text)
    MPU6050_resetI2CMaster                   0x08003655   Thumb Code    16  mpu6050.o(.text)
    MPU6050_setFIFOEnabled                   0x08003665   Thumb Code    18  mpu6050.o(.text)
    MPU6050_resetDMP                         0x08003677   Thumb Code    16  mpu6050.o(.text)
    MotorXDmxDataControl                     0x080037dd   Thumb Code    44  motor.o(.text)
    ResetMotorFunction                       0x08003809   Thumb Code    16  motor.o(.text)
    MotorXDriveInTimer                       0x08003c9b   Thumb Code    16  motor.o(.text)
    __aeabi_ddiv                             0x08003ce9   Thumb Code   222  ddiv.o(.text)
    __aeabi_i2d                              0x08003dc7   Thumb Code    34  dflti.o(.text)
    __aeabi_uidiv                            0x08003de9   Thumb Code     0  uidiv.o(.text)
    __aeabi_uidivmod                         0x08003de9   Thumb Code    44  uidiv.o(.text)
    __aeabi_uldivmod                         0x08003e15   Thumb Code    98  uldiv.o(.text)
    __I$use$fp                               0x08003e77   Thumb Code     0  iusefp.o(.text)
    _double_round                            0x08003e77   Thumb Code    26  depilogue.o(.text)
    _double_epilogue                         0x08003e91   Thumb Code   164  depilogue.o(.text)
    __aeabi_dadd                             0x08003f35   Thumb Code   322  dadd.o(.text)
    __aeabi_dsub                             0x08004077   Thumb Code     6  dadd.o(.text)
    __aeabi_drsub                            0x0800407d   Thumb Code     6  dadd.o(.text)
    __aeabi_dmul                             0x08004083   Thumb Code   228  dmul.o(.text)
    __aeabi_d2ulz                            0x08004167   Thumb Code    48  dfixul.o(.text)
    __aeabi_cdrcmple                         0x08004199   Thumb Code    38  cdrcmple.o(.text)
    __scatterload                            0x080041c1   Thumb Code    28  init.o(.text)
    __scatterload_rt2                        0x080041c1   Thumb Code     0  init.o(.text)
    __aeabi_llsl                             0x080041e5   Thumb Code    30  llshl.o(.text)
    _ll_shift_l                              0x080041e5   Thumb Code     0  llshl.o(.text)
    __aeabi_llsr                             0x08004203   Thumb Code    32  llushr.o(.text)
    _ll_ushift_r                             0x08004203   Thumb Code     0  llushr.o(.text)
    __aeabi_lasr                             0x08004223   Thumb Code    36  llsshr.o(.text)
    _ll_sshift_r                             0x08004223   Thumb Code     0  llsshr.o(.text)
    __0printf                                0x08004249   Thumb Code    22  printfa.o(i.__0printf)
    __1printf                                0x08004249   Thumb Code     0  printfa.o(i.__0printf)
    __2printf                                0x08004249   Thumb Code     0  printfa.o(i.__0printf)
    __c89printf                              0x08004249   Thumb Code     0  printfa.o(i.__0printf)
    printf                                   0x08004249   Thumb Code     0  printfa.o(i.__0printf)
    __scatterload_copy                       0x08004269   Thumb Code    14  handlers.o(i.__scatterload_copy)
    __scatterload_null                       0x08004277   Thumb Code     2  handlers.o(i.__scatterload_null)
    __scatterload_zeroinit                   0x08004279   Thumb Code    14  handlers.o(i.__scatterload_zeroinit)
    SpeedCurveTimerVal                       0x08004b2a   Data         844  motor.o(.constdata)
    SinDataA                                 0x08004e76   Data        2050  motor.o(.constdata)
    SinDataB                                 0x08005678   Data        2050  motor.o(.constdata)
    CosDataC                                 0x08005e7a   Data        2050  motor.o(.constdata)
    CosDataD                                 0x0800667c   Data        2050  motor.o(.constdata)
    Region$$Table$$Base                      0x08006e80   Number         0  anon$$obj.o(Region$$Table)
    Region$$Table$$Limit                     0x08006ea0   Number         0  anon$$obj.o(Region$$Table)
    SystemCoreClock                          0x20000000   Data           4  system_stm32f30x.o(.data)
    AHBPrescTable                            0x20000004   Data          16  system_stm32f30x.o(.data)
    DstBuffer                                0x20000014   Data           4  usart.o(.data)
    EndOfTransfer                            0x20000018   Data           4  usart.o(.data)
    capture                                  0x20000024   Data           2  tim_init.o(.data)
    TIM1CCR3_Val                             0x20000026   Data           2  tim_init.o(.data)
    T3CCR1_Val                               0x20000028   Data           2  tim_init.o(.data)
    T3CCR2_Val                               0x2000002a   Data           2  tim_init.o(.data)
    T3CCR3_Val                               0x2000002c   Data           2  tim_init.o(.data)
    T3CCR4_Val                               0x2000002e   Data           2  tim_init.o(.data)
    DecayXCurrentFlag                        0x20000078   Data           1  motor.o(.data)
    MotorXSpeedPos                           0x2000007a   Data           2  motor.o(.data)
    MotorXStep_StartStop                     0x2000007c   Data           2  motor.o(.data)
    CounterMotorXStepPostionCurrent          0x20000080   Data           4  motor.o(.data)
    __stdout                                 0x200000b0   Data           4  stdout.o(.data)
    buffer                                   0x200000b4   Data          14  mpu6050.o(.bss)
    MPU6050_FIFO                             0x200000c2   Data         132  mpu6050.o(.bss)
    verifyBuffer                             0x20000146   Data          16  mpu6050.o(.bss)
    progBuffer                               0x20000156   Data          16  mpu6050.o(.bss)
    __initial_sp                             0x20000568   Data           0  startup_stm32f30x.o(STACK)



==============================================================================

Memory Map of the image

  Image Entry point : 0x08000659

  Load Region LR_1 (Base: 0x08000000, Size: 0x00006f54, Max: 0xffffffff, ABSOLUTE)

    Execution Region ER_RO (Base: 0x08000000, Size: 0x00006ea0, Max: 0xffffffff, ABSOLUTE)

    Base Addr    Size         Type   Attr      Idx    E Section Name        Object

    0x08000000   0x00000188   Data   RO          224    RESET               startup_stm32f30x.o
    0x08000188   0x00000000   Code   RO          837  * .ARM.Collect$$$$00000000  mc_w.l(entry.o)
    0x08000188   0x00000004   Code   RO         1105    .ARM.Collect$$$$00000001  mc_w.l(entry2.o)
    0x0800018c   0x00000004   Code   RO         1108    .ARM.Collect$$$$00000004  mc_w.l(entry5.o)
    0x08000190   0x00000000   Code   RO         1110    .ARM.Collect$$$$00000008  mc_w.l(entry7b.o)
    0x08000190   0x00000000   Code   RO         1112    .ARM.Collect$$$$0000000A  mc_w.l(entry8b.o)
    0x08000190   0x00000008   Code   RO         1113    .ARM.Collect$$$$0000000B  mc_w.l(entry9a.o)
    0x08000198   0x00000000   Code   RO         1115    .ARM.Collect$$$$0000000D  mc_w.l(entry10a.o)
    0x08000198   0x00000000   Code   RO         1117    .ARM.Collect$$$$0000000F  mc_w.l(entry11a.o)
    0x08000198   0x00000004   Code   RO         1106    .ARM.Collect$$$$00002712  mc_w.l(entry2.o)
    0x0800019c   0x00000260   Code   RO            3    .text               main.o
    0x080003fc   0x00000080   Code   RO          152    .text               stm32f30x_it.o
    0x0800047c   0x000001dc   Code   RO          198    .text               system_stm32f30x.o
    0x08000658   0x00000024   Code   RO          225  * .text               startup_stm32f30x.o
    0x0800067c   0x00000158   Code   RO          231    .text               usart.o
    0x080007d4   0x000000ac   Code   RO          257    .text               delay.o
    0x08000880   0x0000051c   Code   RO          283    .text               iic.o
    0x08000d9c   0x000001d0   Code   RO          305    .text               tim_init.o
    0x08000f6c   0x00000250   Code   RO          451    .text               stm32f30x_dma.o
    0x080011bc   0x000001f4   Code   RO          511    .text               stm32f30x_gpio.o
    0x080013b0   0x000000dc   Code   RO          571    .text               stm32f30x_misc.o
    0x0800148c   0x00000808   Code   RO          631    .text               stm32f30x_rcc.o
    0x08001c94   0x00000d7c   Code   RO          713    .text               stm32f30x_tim.o
    0x08002a10   0x0000053a   Code   RO          733    .text               stm32f30x_usart.o
    0x08002f4a   0x00000002   PAD
    0x08002f4c   0x00000740   Code   RO          773    .text               mpu6050.o
    0x0800368c   0x0000065c   Code   RO          811    .text               motor.o
    0x08003ce8   0x000000de   Code   RO         1101    .text               mf_w.l(ddiv.o)
    0x08003dc6   0x00000022   Code   RO         1103    .text               mf_w.l(dflti.o)
    0x08003de8   0x0000002c   Code   RO         1120    .text               mc_w.l(uidiv.o)
    0x08003e14   0x00000062   Code   RO         1122    .text               mc_w.l(uldiv.o)
    0x08003e76   0x00000000   Code   RO         1124    .text               mc_w.l(iusefp.o)
    0x08003e76   0x000000be   Code   RO         1125    .text               mf_w.l(depilogue.o)
    0x08003f34   0x0000014e   Code   RO         1127    .text               mf_w.l(dadd.o)
    0x08004082   0x000000e4   Code   RO         1129    .text               mf_w.l(dmul.o)
    0x08004166   0x00000030   Code   RO         1131    .text               mf_w.l(dfixul.o)
    0x08004196   0x00000002   PAD
    0x08004198   0x00000028   Code   RO         1133    .text               mf_w.l(cdrcmple.o)
    0x080041c0   0x00000024   Code   RO         1135    .text               mc_w.l(init.o)
    0x080041e4   0x0000001e   Code   RO         1137    .text               mc_w.l(llshl.o)
    0x08004202   0x00000020   Code   RO         1139    .text               mc_w.l(llushr.o)
    0x08004222   0x00000024   Code   RO         1141    .text               mc_w.l(llsshr.o)
    0x08004246   0x00000002   PAD
    0x08004248   0x00000020   Code   RO         1073    i.__0printf         mc_w.l(printfa.o)
    0x08004268   0x0000000e   Code   RO         1145    i.__scatterload_copy  mc_w.l(handlers.o)
    0x08004276   0x00000002   Code   RO         1146    i.__scatterload_null  mc_w.l(handlers.o)
    0x08004278   0x0000000e   Code   RO         1147    i.__scatterload_zeroinit  mc_w.l(handlers.o)
    0x08004286   0x00000002   PAD
    0x08004288   0x0000015c   Code   RO         1080    i._fp_digits        mc_w.l(printfa.o)
    0x080043e4   0x000006f0   Code   RO         1081    i._printf_core      mc_w.l(printfa.o)
    0x08004ad4   0x00000026   Code   RO         1082    i._printf_post_padding  mc_w.l(printfa.o)
    0x08004afa   0x00000030   Code   RO         1083    i._printf_pre_padding  mc_w.l(printfa.o)
    0x08004b2a   0x00002354   Data   RO          812    .constdata          motor.o
    0x08006e7e   0x00000002   PAD
    0x08006e80   0x00000020   Data   RO         1143    Region$$Table       anon$$obj.o


    Execution Region ER_RW (Base: 0x20000000, Size: 0x000000b4, Max: 0xffffffff, ABSOLUTE)

    Base Addr    Size         Type   Attr      Idx    E Section Name        Object

    0x20000000   0x00000014   Data   RW          199    .data               system_stm32f30x.o
    0x20000014   0x0000000c   Data   RW          232    .data               usart.o
    0x20000020   0x00000004   Data   RW          258    .data               delay.o
    0x20000024   0x0000000c   Data   RW          306    .data               tim_init.o
    0x20000030   0x0000002a   Data   RW          632    .data               stm32f30x_rcc.o
    0x2000005a   0x00000002   PAD
    0x2000005c   0x00000054   Data   RW          813    .data               motor.o
    0x200000b0   0x00000004   Data   RW         1119    .data               mc_w.l(stdout.o)


    Execution Region ER_ZI (Base: 0x200000b4, Size: 0x000004b4, Max: 0xffffffff, ABSOLUTE)

    Base Addr    Size         Type   Attr      Idx    E Section Name        Object

    0x200000b4   0x000000b2   Zero   RW          774    .bss                mpu6050.o
    0x20000166   0x00000002   PAD
    0x20000168   0x00000400   Zero   RW          222    STACK               startup_stm32f30x.o


==============================================================================

Image component sizes


      Code (inc. data)   RO Data    RW Data    ZI Data      Debug   Object Name

       172         20          0          4          0      27972   delay.o
      1308         28          0          0          0       4469   iic.o
       608        150          0          0          0     262019   main.o
      1628        194       9044         84          0       4224   motor.o
      1856         74          0          0        178      13463   mpu6050.o
        36          8        392          0       1024        768   startup_stm32f30x.o
       592          8          0          0          0       4302   stm32f30x_dma.o
       500         22          0          0          0       3741   stm32f30x_gpio.o
       128         18          0          0          0     194222   stm32f30x_it.o
       220         20          0          0          0       1789   stm32f30x_misc.o
      2056         68          0         42          0       9873   stm32f30x_rcc.o
      3452         68          0          0          0      26995   stm32f30x_tim.o
      1338         22          0          0          0      11878   stm32f30x_usart.o
       476         40          0         20          0       1691   system_stm32f30x.o
       464         32          0         12          0       1573   tim_init.o
       344         16          0         12          0       1699   usart.o

    ----------------------------------------------------------------------
     15180        788       9470        176       1204     570678   Object Totals
         0          0         32          0          0          0   (incl. Generated)
         2          0          2          2          2          0   (incl. Padding)

    ----------------------------------------------------------------------

      Code (inc. data)   RO Data    RW Data    ZI Data      Debug   Library Member Name

         0          0          0          0          0          0   entry.o
         0          0          0          0          0          0   entry10a.o
         0          0          0          0          0          0   entry11a.o
         8          4          0          0          0          0   entry2.o
         4          0          0          0          0          0   entry5.o
         0          0          0          0          0          0   entry7b.o
         0          0          0          0          0          0   entry8b.o
         8          4          0          0          0          0   entry9a.o
        30          0          0          0          0          0   handlers.o
        36          8          0          0          0         68   init.o
         0          0          0          0          0          0   iusefp.o
        30          0          0          0          0         68   llshl.o
        36          0          0          0          0         68   llsshr.o
        32          0          0          0          0         68   llushr.o
      2242         90          0          0          0        444   printfa.o
         0          0          0          4          0          0   stdout.o
        44          0          0          0          0         80   uidiv.o
        98          0          0          0          0         92   uldiv.o
        40          2          0          0          0         68   cdrcmple.o
       334          0          0          0          0        148   dadd.o
       222          0          0          0          0        100   ddiv.o
       190          0          0          0          0        176   depilogue.o
        48          0          0          0          0         68   dfixul.o
        34          0          0          0          0         76   dflti.o
       228          0          0          0          0         96   dmul.o

    ----------------------------------------------------------------------
      3670        108          0          4          0       1620   Library Totals
         6          0          0          0          0          0   (incl. Padding)

    ----------------------------------------------------------------------

      Code (inc. data)   RO Data    RW Data    ZI Data      Debug   Library Name

      2568        106          0          4          0        888   mc_w.l
      1096          2          0          0          0        732   mf_w.l

    ----------------------------------------------------------------------
      3670        108          0          4          0       1620   Library Totals

    ----------------------------------------------------------------------

==============================================================================


      Code (inc. data)   RO Data    RW Data    ZI Data      Debug   

     18850        896       9470        180       1204     568666   Grand Totals
     18850        896       9470        180       1204     568666   ELF Image Totals
     18850        896       9470        180          0          0   ROM Totals

==============================================================================

    Total RO  Size (Code + RO Data)                28320 (  27.66kB)
    Total RW  Size (RW Data + ZI Data)              1384 (   1.35kB)
    Total ROM Size (Code + RO Data + RW Data)      28500 (  27.83kB)

==============================================================================

